Component: ARM Compiler 5.06 update 1 (build 61) Tool: armlink [4d35a8]

==============================================================================

Section Cross References

    stm32f4xx_it.o(i.EXTI0_IRQHandler) refers to stm32f4xx_hal_gpio.o(i.HAL_GPIO_EXTI_IRQHandler) for HAL_GPIO_EXTI_IRQHandler
    stm32f4xx_it.o(i.SPI1_IRQHandler) refers to stm32f4xx_hal_spi.o(i.HAL_SPI_IRQHandler) for HAL_SPI_IRQHandler
    stm32f4xx_it.o(i.SPI1_IRQHandler) refers to spi.o(.bss) for hspi1
    stm32f4xx_it.o(i.SysTick_Handler) refers to stm32f4xx_hal.o(i.HAL_IncTick) for HAL_IncTick
    stm32f4xx_it.o(i.SysTick_Handler) refers to stm32f4xx_hal_cortex.o(i.HAL_SYSTICK_IRQHandler) for HAL_SYSTICK_IRQHandler
    stm32f4xx_it.o(i.USART3_IRQHandler) refers to stm32f4xx_hal_uart.o(i.HAL_UART_IRQHandler) for HAL_UART_IRQHandler
    stm32f4xx_it.o(i.USART3_IRQHandler) refers to usart.o(.bss) for huart3
    stm32f4xx_hal_msp.o(i.HAL_MspInit) refers to stm32f4xx_hal_cortex.o(i.HAL_NVIC_SetPriorityGrouping) for HAL_NVIC_SetPriorityGrouping
    stm32f4xx_hal_msp.o(i.HAL_MspInit) refers to stm32f4xx_hal_cortex.o(i.HAL_NVIC_SetPriority) for HAL_NVIC_SetPriority
    main.o(i.AppTaskCreate) refers to os_task.o(i.OSTaskCreate) for OSTaskCreate
    main.o(i.AppTaskCreate) refers to main.o(.bss) for .bss
    main.o(i.AppTaskCreate) refers to main.o(i.AppTaskLed1) for AppTaskLed1
    main.o(i.AppTaskCreate) refers to main.o(i.AppTaskUARTSend) for AppTaskUARTSend
    main.o(i.AppTaskCreate) refers to main.o(i.AppTaskServer) for AppTaskServer
    main.o(i.AppTaskLed1) refers to bsp.o(i.BSP_LED_Toggle) for BSP_LED_Toggle
    main.o(i.AppTaskLed1) refers to os_time.o(i.OSTimeDlyHMSM) for OSTimeDlyHMSM
    main.o(i.AppTaskServer) refers to os_task.o(i.OSTaskSemPend) for OSTaskSemPend
    main.o(i.AppTaskServer) refers to os_time.o(i.OSTimeDlyHMSM) for OSTimeDlyHMSM
    main.o(i.AppTaskServer) refers to bsp_button.o(i.BSP_ButtonBlueRd) for BSP_ButtonBlueRd
    main.o(i.AppTaskServer) refers to os_task.o(i.OSTaskSemPost) for OSTaskSemPost
    main.o(i.AppTaskServer) refers to main.o(.bss) for .bss
    main.o(i.AppTaskStart) refers to bsp.o(i.BSP_Init) for BSP_Init
    main.o(i.AppTaskStart) refers to cpu_core.o(i.CPU_Init) for CPU_Init
    main.o(i.AppTaskStart) refers to os_stat.o(i.OSStatTaskCPUUsageInit) for OSStatTaskCPUUsageInit
    main.o(i.AppTaskStart) refers to cpu_core.o(i.CPU_IntDisMeasMaxCurReset) for CPU_IntDisMeasMaxCurReset
    main.o(i.AppTaskStart) refers to main.o(i.AppTaskCreate) for AppTaskCreate
    main.o(i.AppTaskStart) refers to os_sem.o(i.OSSemCreate) for OSSemCreate
    main.o(i.AppTaskStart) refers to os_task.o(i.OSTaskDel) for OSTaskDel
    main.o(i.AppTaskStart) refers to main.o(.bss) for .bss
    main.o(i.AppTaskUARTSend) refers to bsp_uart.o(i.BSP_USART_Putc) for BSP_USART_Putc
    main.o(i.AppTaskUARTSend) refers to os_time.o(i.OSTimeDlyHMSM) for OSTimeDlyHMSM
    main.o(i.AppTaskUARTSend) refers to usart.o(.bss) for huart3
    main.o(i.SystemClock_Config) refers to stm32f4xx_hal_rcc.o(i.HAL_RCC_OscConfig) for HAL_RCC_OscConfig
    main.o(i.SystemClock_Config) refers to stm32f4xx_hal_rcc.o(i.HAL_RCC_ClockConfig) for HAL_RCC_ClockConfig
    main.o(i.SystemClock_Config) refers to stm32f4xx_hal_rcc.o(i.HAL_RCC_GetHCLKFreq) for HAL_RCC_GetHCLKFreq
    main.o(i.SystemClock_Config) refers to stm32f4xx_hal_cortex.o(i.HAL_SYSTICK_Config) for HAL_SYSTICK_Config
    main.o(i.SystemClock_Config) refers to stm32f4xx_hal_cortex.o(i.HAL_SYSTICK_CLKSourceConfig) for HAL_SYSTICK_CLKSourceConfig
    main.o(i.SystemClock_Config) refers to stm32f4xx_hal_cortex.o(i.HAL_NVIC_SetPriority) for HAL_NVIC_SetPriority
    main.o(i.main) refers to stm32f4xx_hal.o(i.HAL_Init) for HAL_Init
    main.o(i.main) refers to main.o(i.SystemClock_Config) for SystemClock_Config
    main.o(i.main) refers to gpio.o(i.MX_GPIO_Init) for MX_GPIO_Init
    main.o(i.main) refers to usart.o(i.MX_USART3_UART_Init) for MX_USART3_UART_Init
    main.o(i.main) refers to spi.o(i.MX_SPI1_Init) for MX_SPI1_Init
    main.o(i.main) refers to lib_mem.o(i.Mem_Init) for Mem_Init
    main.o(i.main) refers to lib_math.o(i.Math_Init) for Math_Init
    main.o(i.main) refers to cpu_core.o(i.CPU_NameSet) for CPU_NameSet
    main.o(i.main) refers to bsp_int.o(i.BSP_IntDisAll) for BSP_IntDisAll
    main.o(i.main) refers to os_core.o(i.OSInit) for OSInit
    main.o(i.main) refers to os_app_hooks.o(i.App_OS_SetAllHooks) for App_OS_SetAllHooks
    main.o(i.main) refers to os_task.o(i.OSTaskCreate) for OSTaskCreate
    main.o(i.main) refers to os_core.o(i.OSStart) for OSStart
    main.o(i.main) refers to main.o(.bss) for .bss
    main.o(i.main) refers to main.o(i.AppTaskStart) for AppTaskStart
    gpio.o(i.MX_GPIO_Init) refers to stm32f4xx_hal_gpio.o(i.HAL_GPIO_WritePin) for HAL_GPIO_WritePin
    gpio.o(i.MX_GPIO_Init) refers to stm32f4xx_hal_gpio.o(i.HAL_GPIO_Init) for HAL_GPIO_Init
[...]
    .constdata                               0x0800469c   Section        4  os_cfg_app.o(.constdata)
    .constdata                               0x080046a0   Section        4  os_cfg_app.o(.constdata)
    .constdata                               0x080046a4   Section        4  os_cfg_app.o(.constdata)
    .constdata                               0x080046a8   Section        1  os_cfg_app.o(.constdata)
    .constdata                               0x080046ac   Section        4  os_cfg_app.o(.constdata)
    .constdata                               0x080046b0   Section        4  os_cfg_app.o(.constdata)
    .constdata                               0x080046b4   Section        4  os_cfg_app.o(.constdata)
    .constdata                               0x080046b8   Section        1  os_cfg_app.o(.constdata)
    .constdata                               0x080046bc   Section        4  os_cfg_app.o(.constdata)
    .constdata                               0x080046c0   Section        4  os_cfg_app.o(.constdata)
    .constdata                               0x080046c4   Section        4  os_cfg_app.o(.constdata)
    .constdata                               0x080046c8   Section        4  os_cfg_app.o(.constdata)
    .data                                    0x20000000   Section        4  stm32f4xx_hal.o(.data)
    .data                                    0x20000004   Section        4  system_stm32f4xx.o(.data)
    .data                                    0x20000008   Section        4  os_prio.o(.data)
    .data                                    0x2000000c   Section        4  os_var.o(.data)
    .data                                    0x20000010   Section        4  os_var.o(.data)
    .data                                    0x20000014   Section        4  os_var.o(.data)
    .data                                    0x20000018   Section        4  os_var.o(.data)
    .data                                    0x2000001c   Section        4  os_var.o(.data)
    .data                                    0x20000020   Section        4  os_var.o(.data)
    .data                                    0x20000024   Section        4  os_var.o(.data)
    .data                                    0x20000028   Section        4  os_var.o(.data)
    .data                                    0x2000002c   Section        1  os_var.o(.data)
    .data                                    0x20000030   Section        4  os_var.o(.data)
    .data                                    0x20000034   Section        1  os_var.o(.data)
    .data                                    0x20000038   Section        4  os_var.o(.data)
    .data                                    0x2000003c   Section        2  os_var.o(.data)
    .data                                    0x20000040   Section        4  os_var.o(.data)
    .data                                    0x20000044   Section        2  os_var.o(.data)
    .data                                    0x20000048   Section        4  os_var.o(.data)
    .data                                    0x2000004c   Section        2  os_var.o(.data)
    .data                                    0x2000004e   Section        1  os_var.o(.data)
    .data                                    0x2000004f   Section        1  os_var.o(.data)
    .data                                    0x20000050   Section        1  os_var.o(.data)
    .data                                    0x20000054   Section        4  os_var.o(.data)
    .data                                    0x20000058   Section        2  os_var.o(.data)
    .data                                    0x2000005a   Section        1  os_var.o(.data)
    .data                                    0x2000005c   Section        4  os_var.o(.data)
    .data                                    0x20000060   Section        2  os_var.o(.data)
    .data                                    0x20000062   Section        1  os_var.o(.data)
    .data                                    0x20000064   Section        2  os_var.o(.data)
    .data                                    0x20000066   Section        2  os_var.o(.data)
    .data                                    0x20000068   Section        4  os_var.o(.data)
    .data                                    0x2000006c   Section        4  os_var.o(.data)
    .data                                    0x20000070   Section        4  os_var.o(.data)
    .data                                    0x20000074   Section        1  os_var.o(.data)
    .data                                    0x20000078   Section        4  os_var.o(.data)
    .data                                    0x2000007c   Section        4  os_var.o(.data)
    .data                                    0x20000080   Section        4  os_var.o(.data)
    .data                                    0x20000084   Section        2  os_var.o(.data)
    .data                                    0x20000086   Section        1  os_var.o(.data)
    .data                                    0x20000088   Section        4  os_var.o(.data)
    .data                                    0x2000008c   Section        4  os_var.o(.data)
    .data                                    0x20000090   Section        8  os_var.o(.data)
    .data                                    0x20000098   Section        8  os_var.o(.data)
    .data                                    0x200000a0   Section        4  os_var.o(.data)
    .data                                    0x200000a4   Section        2  os_var.o(.data)
    .data                                    0x200000a8   Section        4  os_var.o(.data)
    .data                                    0x200000ac   Section        4  os_var.o(.data)
    .data                                    0x200000b0   Section        4  os_var.o(.data)
    .data                                    0x200000b4   Section        4  os_var.o(.data)
    .data                                    0x200000b8   Section        4  os_var.o(.data)
    .data                                    0x200000bc   Section        4  os_var.o(.data)
    .data                                    0x200000c0   Section        4  os_var.o(.data)
    .data                                    0x200000c4   Section        4  lib_math.o(.data)
    .data                                    0x200000c8   Section        4  lib_mem.o(.data)
    .data                                    0x200000cc   Section       28  cpu_core.o(.data)
    .data                                    0x200000e8   Section        4  os_cpu_c.o(.data)
    .bss                                     0x200000ec   Section     3832  main.o(.bss)
    AppTaskStartTCB                          0x200000ec   Data         192  main.o(.bss)
    AppTaskStartStk                          0x200001ac   Data        1024  main.o(.bss)
    AppTaskLed1Stk                           0x2000066c   Data         800  main.o(.bss)
    AppTaskUARTTCB                           0x2000098c   Data         192  main.o(.bss)
    AppTaskUARTStk                           0x20000a4c   Data         400  main.o(.bss)
    AppTaskServerStk                         0x20000c9c   Data         800  main.o(.bss)
    .bss                                     0x20000fe4   Section       64  usart.o(.bss)
    .bss                                     0x20001024   Section       88  spi.o(.bss)
    .bss                                     0x2000107c   Section      328  bsp_int.o(.bss)
    BSP_IntVectTbl                           0x2000107c   Data         328  bsp_int.o(.bss)
    .bss                                     0x200011c4   Section      512  os_cfg_app.o(.bss)
    .bss                                     0x200013c4   Section      400  os_cfg_app.o(.bss)
    .bss                                     0x20001554   Section     1600  os_cfg_app.o(.bss)
    .bss                                     0x20001b94   Section      400  os_cfg_app.o(.bss)
    .bss                                     0x20001d24   Section      512  os_cfg_app.o(.bss)
    .bss                                     0x20001f24   Section      512  os_cfg_app.o(.bss)
    .bss                                     0x20002124   Section      192  os_var.o(.bss)
    .bss                                     0x200021e4   Section       12  os_var.o(.bss)
    .bss                                     0x200021f0   Section      384  os_var.o(.bss)
    .bss                                     0x20002370   Section      192  os_var.o(.bss)
    .bss                                     0x20002430   Section      192  os_var.o(.bss)
    .bss                                     0x200024f0   Section       48  os_var.o(.bss)
    .bss                                     0x20002520   Section      192  os_var.o(.bss)
    .bss                                     0x200025e0   Section     1044  lib_mem.o(.bss)
    .bss                                     0x200029f4   Section       16  cpu_core.o(.bss)
    STACK                                    0x20002a08   Section      512  startup.o(STACK)

    Global Symbols

    Symbol Name                              Value     Ov Type        Size  Object(Section)

    BuildAttributes$$THM_ISAv4$E$P$D$K$B$S$7EM$VFPi3$EXTD16$VFPS$VFMA$PE$A:L22UL41UL21$X:L11$S22US41US21$IEEE1$IW$USESV6$~STKCKD$USESV7$~SHL$OSPACE$EBA8$MICROLIB$REQ8$PRES8$EABIv2 0x00000000   Number         0  anon$$obj.o ABSOLUTE
    __ARM_use_no_argv                        0x00000000   Number         0  main.o ABSOLUTE
    __cpp_initialize__aeabi_                  - Undefined Weak Reference
    __cxa_finalize                            - Undefined Weak Reference
    __decompress                              - Undefined Weak Reference
    _clock_init                               - Undefined Weak Reference
    _microlib_exit                            - Undefined Weak Reference
    __Vectors                                0x08000000   Data           4  startup.o(RESET)
    __main                                   0x08000189   Thumb Code     0  entry.o(.ARM.Collect$$$$00000000)
    _main_stk                                0x08000189   Thumb Code     0  entry2.o(.ARM.Collect$$$$00000001)
    _main_scatterload                        0x0800018d   Thumb Code     0  entry5.o(.ARM.Collect$$$$00000004)
    __main_after_scatterload                 0x08000191   Thumb Code     0  entry5.o(.ARM.Collect$$$$00000004)
    _main_clock                              0x08000191   Thumb Code     0  entry7b.o(.ARM.Collect$$$$00000008)
    _main_cpp_init                           0x08000191   Thumb Code     0  entry8b.o(.ARM.Collect$$$$0000000A)
    _main_init                               0x08000191   Thumb Code     0  entry9a.o(.ARM.Collect$$$$0000000B)
    __rt_final_cpp                           0x08000199   Thumb Code     0  entry10a.o(.ARM.Collect$$$$0000000D)
    __rt_final_exit                          0x08000199   Thumb Code     0  entry11a.o(.ARM.Collect$$$$0000000F)
    Reset_Handler                            0x0800019d   Thumb Code    40  startup.o(.text)
    App_NMI_ISR                              0x080001c5   Thumb Code     2  startup.o(.text)
    App_Fault_ISR                            0x080001c7   Thumb Code     2  startup.o(.text)
    App_MemFault_ISR                         0x080001c9   Thumb Code     2  startup.o(.text)
    App_BusFault_ISR                         0x080001cb   Thumb Code     2  startup.o(.text)
    App_UsageFault_ISR                       0x080001cd   Thumb Code     2  startup.o(.text)
    App_Spurious_ISR                         0x080001cf   Thumb Code     2  startup.o(.text)
    App_Reserved_ISR                         0x080001d1   Thumb Code     2  startup.o(.text)
    CPU_IntDis                               0x080001e5   Thumb Code     0  cpu_a.o(.text)
    CPU_IntEn                                0x080001e9   Thumb Code     0  cpu_a.o(.text)
    CPU_SR_Save                              0x080001ed   Thumb Code     0  cpu_a.o(.text)
    CPU_SR_Restore                           0x080001f5   Thumb Code     0  cpu_a.o(.text)
    CPU_WaitForInt                           0x080001fb   Thumb Code     0  cpu_a.o(.text)
    CPU_WaitForExcept                        0x080001ff   Thumb Code     0  cpu_a.o(.text)
    CPU_CntLeadZeros                         0x08000203   Thumb Code     0  cpu_a.o(.text)
    CPU_CntTrailZeros                        0x08000209   Thumb Code     0  cpu_a.o(.text)
    CPU_RevBits                              0x08000213   Thumb Code     0  cpu_a.o(.text)
    __scatterload                            0x08000219   Thumb Code    28  init.o(.text)
    __scatterload_rt2                        0x08000219   Thumb Code     0  init.o(.text)
    OS_CPU_FP_Reg_Push                       0x0800023d   Thumb Code     0  os_cpu_a.o(CODE)
    OS_CPU_FP_Reg_Pop                        0x08000257   Thumb Code     0  os_cpu_a.o(CODE)
    OSStartHighRdy                           0x08000269   Thumb Code     0  os_cpu_a.o(CODE)
    OSCtxSw                                  0x080002e5   Thumb Code     0  os_cpu_a.o(CODE)
    OSIntCtxSw                               0x080002ef   Thumb Code     0  os_cpu_a.o(CODE)
    OS_CPU_PendSVHandler                     0x080002f9   Thumb Code     0  os_cpu_a.o(CODE)
    App_OS_IdleTaskHook                      0x080004f5   Thumb Code     2  os_app_hooks.o(i.App_OS_IdleTaskHook)
    App_OS_SetAllHooks                       0x080004f9   Thumb Code    68  os_app_hooks.o(i.App_OS_SetAllHooks)
    App_OS_StatTaskHook                      0x08000575   Thumb Code     2  os_app_hooks.o(i.App_OS_StatTaskHook)
    App_OS_TaskCreateHook                    0x08000577   Thumb Code     2  os_app_hooks.o(i.App_OS_TaskCreateHook)
    App_OS_TaskDelHook                       0x08000579   Thumb Code     2  os_app_hooks.o(i.App_OS_TaskDelHook)
    App_OS_TaskReturnHook                    0x0800057b   Thumb Code     2  os_app_hooks.o(i.App_OS_TaskReturnHook)
    App_OS_TaskSwHook                        0x0800057d   Thumb Code     2  os_app_hooks.o(i.App_OS_TaskSwHook)
    App_OS_TimeTickHook                      0x0800057f   Thumb Code     4  os_app_hooks.o(i.App_OS_TimeTickHook)
    BSP_ButtonBlueRd                         0x08000585   Thumb Code     8  bsp_button.o(i.BSP_ButtonBlueRd)
    BSP_CPU_ClkFreq                          0x08000591   Thumb Code     4  bsp.o(i.BSP_CPU_ClkFreq)
    BSP_Init                                 0x08000595   Thumb Code   174  bsp.o(i.BSP_Init)
    BSP_IntDisAll                            0x08000655   Thumb Code     4  bsp_int.o(i.BSP_IntDisAll)
    BSP_IntHandlerADC                        0x08000691   Thumb Code     6  bsp_int.o(i.BSP_IntHandlerADC)
    BSP_IntHandlerButtonBlue                 0x08000699   Thumb Code    18  bsp_button.o(i.BSP_IntHandlerButtonBlue)
    BSP_IntHandlerCAN1_RX0                   0x080006b1   Thumb Code     6  bsp_int.o(i.BSP_IntHandlerCAN1_RX0)
    BSP_IntHandlerCAN1_RX1                   0x080006b7   Thumb Code     6  bsp_int.o(i.BSP_IntHandlerCAN1_RX1)
    BSP_IntHandlerCAN1_SCE                   0x080006bd   Thumb Code     6  bsp_int.o(i.BSP_IntHandlerCAN1_SCE)
    BSP_IntHandlerCAN1_TX                    0x080006c3   Thumb Code     6  bsp_int.o(i.BSP_IntHandlerCAN1_TX)
    BSP_IntHandlerCAN2_RX0                   0x080006c9   Thumb Code     6  bsp_int.o(i.BSP_IntHandlerCAN2_RX0)
    BSP_IntHandlerCAN2_RX1                   0x080006cf   Thumb Code     6  bsp_int.o(i.BSP_IntHandlerCAN2_RX1)
    BSP_IntHandlerCAN2_SCE                   0x080006d5   Thumb Code     6  bsp_int.o(i.BSP_IntHandlerCAN2_SCE)
    BSP_IntHandlerCAN2_TX                    0x080006db   Thumb Code     6  bsp_int.o(i.BSP_IntHandlerCAN2_TX)
    BSP_IntHandlerCRYP                       0x080006e1   Thumb Code     6  bsp_int.o(i.BSP_IntHandlerCRYP)
    BSP_IntHandlerDCMI                       0x080006e7   Thumb Code     6  bsp_int.o(i.BSP_IntHandlerDCMI)
    BSP_IntHandlerDMA1_CH0                   0x080006ed   Thumb Code     6  bsp_int.o(i.BSP_IntHandlerDMA1_CH0)
    BSP_IntHandlerDMA1_CH1                   0x080006f3   Thumb Code     6  bsp_int.o(i.BSP_IntHandlerDMA1_CH1)
    BSP_IntHandlerDMA1_CH2                   0x080006f9   Thumb Code     6  bsp_int.o(i.BSP_IntHandlerDMA1_CH2)
    BSP_IntHandlerDMA1_CH3                   0x080006ff   Thumb Code     6  bsp_int.o(i.BSP_IntHandlerDMA1_CH3)
    BSP_IntHandlerDMA1_CH4                   0x08000705   Thumb Code     6  bsp_int.o(i.BSP_IntHandlerDMA1_CH4)
    BSP_IntHandlerDMA1_CH5                   0x0800070b   Thumb Code     6  bsp_int.o(i.BSP_IntHandlerDMA1_CH5)
    BSP_IntHandlerDMA1_CH6                   0x08000711   Thumb Code     6  bsp_int.o(i.BSP_IntHandlerDMA1_CH6)
    BSP_IntHandlerDMA1_STREAM7               0x08000717   Thumb Code     6  bsp_int.o(i.BSP_IntHandlerDMA1_STREAM7)
    BSP_IntHandlerDMA2_CH0                   0x0800071d   Thumb Code     6  bsp_int.o(i.BSP_IntHandlerDMA2_CH0)
    BSP_IntHandlerDMA2_CH1                   0x08000723   Thumb Code     6  bsp_int.o(i.BSP_IntHandlerDMA2_CH1)
    BSP_IntHandlerDMA2_CH2                   0x08000729   Thumb Code     6  bsp_int.o(i.BSP_IntHandlerDMA2_CH2)
    BSP_IntHandlerDMA2_CH3                   0x0800072f   Thumb Code     6  bsp_int.o(i.BSP_IntHandlerDMA2_CH3)
    BSP_IntHandlerDMA2_CH4                   0x08000735   Thumb Code     6  bsp_int.o(i.BSP_IntHandlerDMA2_CH4)
    BSP_IntHandlerDMA2_CH5                   0x0800073b   Thumb Code     6  bsp_int.o(i.BSP_IntHandlerDMA2_CH5)
    BSP_IntHandlerDMA2_CH6                   0x08000741   Thumb Code     6  bsp_int.o(i.BSP_IntHandlerDMA2_CH6)
    BSP_IntHandlerDMA2_CH7                   0x08000747   Thumb Code     6  bsp_int.o(i.BSP_IntHandlerDMA2_CH7)
    BSP_IntHandlerETH                        0x0800074f   Thumb Code     6  bsp_int.o(i.BSP_IntHandlerETH)
    BSP_IntHandlerETHWakeup                  0x08000755   Thumb Code     6  bsp_int.o(i.BSP_IntHandlerETHWakeup)
    BSP_IntHandlerEXTI0                      0x0800075b   Thumb Code     6  bsp_int.o(i.BSP_IntHandlerEXTI0)
    BSP_IntHandlerEXTI1                      0x08000761   Thumb Code     6  bsp_int.o(i.BSP_IntHandlerEXTI1)
    BSP_IntHandlerEXTI15_10                  0x08000767   Thumb Code     6  bsp_int.o(i.BSP_IntHandlerEXTI15_10)
    BSP_IntHandlerEXTI2                      0x0800076d   Thumb Code     6  bsp_int.o(i.BSP_IntHandlerEXTI2)
    BSP_IntHandlerEXTI3                      0x08000773   Thumb Code     6  bsp_int.o(i.BSP_IntHandlerEXTI3)
    BSP_IntHandlerEXTI4                      0x08000779   Thumb Code     6  bsp_int.o(i.BSP_IntHandlerEXTI4)
    BSP_IntHandlerEXTI9_5                    0x0800077f   Thumb Code     6  bsp_int.o(i.BSP_IntHandlerEXTI9_5)
    BSP_IntHandlerFLASH                      0x08000785   Thumb Code     6  bsp_int.o(i.BSP_IntHandlerFLASH)
    BSP_IntHandlerFPU                        0x0800078b   Thumb Code     6  bsp_int.o(i.BSP_IntHandlerFPU)
    BSP_IntHandlerFSMC                       0x08000791   Thumb Code     6  bsp_int.o(i.BSP_IntHandlerFSMC)
    BSP_IntHandlerHASH_RNG                   0x08000797   Thumb Code     6  bsp_int.o(i.BSP_IntHandlerHASH_RNG)
    BSP_IntHandlerI2C1_ER                    0x0800079d   Thumb Code     6  bsp_int.o(i.BSP_IntHandlerI2C1_ER)
    BSP_IntHandlerI2C1_EV                    0x080007a3   Thumb Code     6  bsp_int.o(i.BSP_IntHandlerI2C1_EV)
    BSP_IntHandlerI2C2_ER                    0x080007a9   Thumb Code     6  bsp_int.o(i.BSP_IntHandlerI2C2_ER)
    BSP_IntHandlerI2C2_EV                    0x080007af   Thumb Code     6  bsp_int.o(i.BSP_IntHandlerI2C2_EV)
    BSP_IntHandlerI2C3_ER                    0x080007b5   Thumb Code     6  bsp_int.o(i.BSP_IntHandlerI2C3_ER)
    BSP_IntHandlerI2C3_EV                    0x080007bb   Thumb Code     6  bsp_int.o(i.BSP_IntHandlerI2C3_EV)
    BSP_IntHandlerOTG_FS                     0x080007c1   Thumb Code     6  bsp_int.o(i.BSP_IntHandlerOTG_FS)
    BSP_IntHandlerOTG_FS_WKUP                0x080007c7   Thumb Code     6  bsp_int.o(i.BSP_IntHandlerOTG_FS_WKUP)
    BSP_IntHandlerOTG_HS                     0x080007cd   Thumb Code     6  bsp_int.o(i.BSP_IntHandlerOTG_HS)
    BSP_IntHandlerOTG_HS_EP1_IN              0x080007d3   Thumb Code     6  bsp_int.o(i.BSP_IntHandlerOTG_HS_EP1_IN)
    BSP_IntHandlerOTG_HS_EP1_OUT             0x080007d9   Thumb Code     6  bsp_int.o(i.BSP_IntHandlerOTG_HS_EP1_OUT)
    BSP_IntHandlerOTG_HS_WKUP                0x080007df   Thumb Code     6  bsp_int.o(i.BSP_IntHandlerOTG_HS_WKUP)
    BSP_IntHandlerPVD                        0x080007e5   Thumb Code     6  bsp_int.o(i.BSP_IntHandlerPVD)
    BSP_IntHandlerRCC                        0x080007eb   Thumb Code     6  bsp_int.o(i.BSP_IntHandlerRCC)
    BSP_IntHandlerRTCAlarm                   0x080007f1   Thumb Code     6  bsp_int.o(i.BSP_IntHandlerRTCAlarm)
    BSP_IntHandlerRTC_WKUP                   0x080007f7   Thumb Code     6  bsp_int.o(i.BSP_IntHandlerRTC_WKUP)
    BSP_IntHandlerSDIO                       0x080007fd   Thumb Code     6  bsp_int.o(i.BSP_IntHandlerSDIO)
    BSP_IntHandlerSPI1                       0x08000803   Thumb Code     6  bsp_int.o(i.BSP_IntHandlerSPI1)
    BSP_IntHandlerSPI2                       0x08000809   Thumb Code     6  bsp_int.o(i.BSP_IntHandlerSPI2)
    BSP_IntHandlerSPI3                       0x0800080f   Thumb Code     6  bsp_int.o(i.BSP_IntHandlerSPI3)
    BSP_IntHandlerTAMP_STAMP                 0x08000815   Thumb Code     6  bsp_int.o(i.BSP_IntHandlerTAMP_STAMP)
    BSP_IntHandlerTIM1_BRK_TIM9              0x0800081b   Thumb Code     6  bsp_int.o(i.BSP_IntHandlerTIM1_BRK_TIM9)
    BSP_IntHandlerTIM1_CC                    0x08000821   Thumb Code     6  bsp_int.o(i.BSP_IntHandlerTIM1_CC)
    BSP_IntHandlerTIM1_TRG_COM_TIM11         0x08000827   Thumb Code     6  bsp_int.o(i.BSP_IntHandlerTIM1_TRG_COM_TIM11)
    BSP_IntHandlerTIM1_UP_TIM10              0x0800082d   Thumb Code     6  bsp_int.o(i.BSP_IntHandlerTIM1_UP_TIM10)
    BSP_IntHandlerTIM2                       0x08000833   Thumb Code     6  bsp_int.o(i.BSP_IntHandlerTIM2)
    BSP_IntHandlerTIM3                       0x08000839   Thumb Code     6  bsp_int.o(i.BSP_IntHandlerTIM3)
    BSP_IntHandlerTIM4                       0x0800083f   Thumb Code     6  bsp_int.o(i.BSP_IntHandlerTIM4)
    BSP_IntHandlerTIM5                       0x08000845   Thumb Code     6  bsp_int.o(i.BSP_IntHandlerTIM5)
    BSP_IntHandlerTIM6_DAC                   0x0800084b   Thumb Code     6  bsp_int.o(i.BSP_IntHandlerTIM6_DAC)
    BSP_IntHandlerTIM7                       0x08000851   Thumb Code     6  bsp_int.o(i.BSP_IntHandlerTIM7)
    BSP_IntHandlerTIM8_BRK_TIM12             0x08000857   Thumb Code     6  bsp_int.o(i.BSP_IntHandlerTIM8_BRK_TIM12)
    BSP_IntHandlerTIM8_CC                    0x0800085d   Thumb Code     6  bsp_int.o(i.BSP_IntHandlerTIM8_CC)
    BSP_IntHandlerTIM8_TRG_COM_TIM14         0x08000863   Thumb Code     6  bsp_int.o(i.BSP_IntHandlerTIM8_TRG_COM_TIM14)
    BSP_IntHandlerTIM8_UP_TIM13              0x08000869   Thumb Code     6  bsp_int.o(i.BSP_IntHandlerTIM8_UP_TIM13)
    BSP_IntHandlerUSART1                     0x0800086f   Thumb Code     6  bsp_int.o(i.BSP_IntHandlerUSART1)
    BSP_IntHandlerUSART2                     0x08000875   Thumb Code     6  bsp_int.o(i.BSP_IntHandlerUSART2)
    BSP_IntHandlerUSART3                     0x0800087b   Thumb Code     6  bsp_int.o(i.BSP_IntHandlerUSART3)
    BSP_IntHandlerUSART4                     0x08000881   Thumb Code     6  bsp_int.o(i.BSP_IntHandlerUSART4)
    BSP_IntHandlerUSART5                     0x08000887   Thumb Code     6  bsp_int.o(i.BSP_IntHandlerUSART5)
    BSP_IntHandlerUSART6                     0x0800088d   Thumb Code     6  bsp_int.o(i.BSP_IntHandlerUSART6)
    BSP_IntHandlerUSARTSec                   0x08000893   Thumb Code     4  bsp_uart.o(i.BSP_IntHandlerUSARTSec)
    BSP_IntHandlerWWDG                       0x08000897   Thumb Code     6  bsp_int.o(i.BSP_IntHandlerWWDG)
    BSP_IntInit                              0x0800089d   Thumb Code    38  bsp_int.o(i.BSP_IntInit)
    BSP_IntVectSet                           0x080008d1   Thumb Code    42  bsp_int.o(i.BSP_IntVectSet)
    BSP_LED_Toggle                           0x08000901   Thumb Code    52  bsp.o(i.BSP_LED_Toggle)
    BSP_PeriphEn                             0x08000939   Thumb Code   220  bsp_periph.o(i.BSP_PeriphEn)
    BSP_Tick_Init                            0x08000a19   Thumb Code    22  bsp.o(i.BSP_Tick_Init)
    BSP_USART_Putc                           0x08000a35   Thumb Code    34  bsp_uart.o(i.BSP_USART_Putc)
    CPU_Init                                 0x08000a59   Thumb Code    24  cpu_core.o(i.CPU_Init)
    CPU_IntDisMeasMaxCurGet                  0x08000ad5   Thumb Code    24  cpu_core.o(i.CPU_IntDisMeasMaxCurGet)
    CPU_IntDisMeasMaxCurReset                0x08000af1   Thumb Code    26  cpu_core.o(i.CPU_IntDisMeasMaxCurReset)
    CPU_IntDisMeasMaxGet                     0x08000b11   Thumb Code    24  cpu_core.o(i.CPU_IntDisMeasMaxGet)
    CPU_IntDisMeasStart                      0x08000b2d   Thumb Code    28  cpu_core.o(i.CPU_IntDisMeasStart)
    CPU_IntDisMeasStop                       0x08000b4d   Thumb Code    44  cpu_core.o(i.CPU_IntDisMeasStop)
    CPU_NameClr                              0x08000b7d   Thumb Code    34  cpu_core.o(i.CPU_NameClr)
    CPU_NameSet                              0x08000ba5   Thumb Code    70  cpu_core.o(i.CPU_NameSet)
    CPU_SW_Exception                         0x08000bf1   Thumb Code     2  cpu_core.o(i.CPU_SW_Exception)
    CPU_TS_TmrFreqSet                        0x08000bf5   Thumb Code     6  cpu_core.o(i.CPU_TS_TmrFreqSet)
    CPU_TS_TmrInit                           0x08000c01   Thumb Code    38  cpu_bsp.o(i.CPU_TS_TmrInit)
    CPU_TS_TmrRd                             0x08000c31   Thumb Code     6  cpu_bsp.o(i.CPU_TS_TmrRd)
    EXTI0_IRQHandler                         0x08000c3d   Thumb Code     6  stm32f4xx_it.o(i.EXTI0_IRQHandler)
    HAL_GPIO_EXTI_Callback                   0x08000c43   Thumb Code     2  stm32f4xx_hal_gpio.o(i.HAL_GPIO_EXTI_Callback)
    HAL_GPIO_EXTI_IRQHandler                 0x08000c45   Thumb Code    18  stm32f4xx_hal_gpio.o(i.HAL_GPIO_EXTI_IRQHandler)
    HAL_GPIO_Init                            0x08000c5d   Thumb Code   398  stm32f4xx_hal_gpio.o(i.HAL_GPIO_Init)
    HAL_GPIO_ReadPin                         0x08000e1d   Thumb Code    10  stm32f4xx_hal_gpio.o(i.HAL_GPIO_ReadPin)
    HAL_GPIO_TogglePin                       0x08000e27   Thumb Code     8  stm32f4xx_hal_gpio.o(i.HAL_GPIO_TogglePin)
    HAL_GPIO_WritePin                        0x08000e2f   Thumb Code    10  stm32f4xx_hal_gpio.o(i.HAL_GPIO_WritePin)
    HAL_GetREVID                             0x08000e39   Thumb Code     8  stm32f4xx_hal.o(i.HAL_GetREVID)
    HAL_GetTick                              0x08000e45   Thumb Code     6  stm32f4xx_hal.o(i.HAL_GetTick)
    HAL_IncTick                              0x08000e51   Thumb Code    10  stm32f4xx_hal.o(i.HAL_IncTick)
    HAL_Init                                 0x08000e61   Thumb Code    48  stm32f4xx_hal.o(i.HAL_Init)
    HAL_InitTick                             0x08000e95   Thumb Code    22  bsp.o(i.HAL_InitTick)
    HAL_MspInit                              0x08000eb1   Thumb Code    22  stm32f4xx_hal_msp.o(i.HAL_MspInit)
    HAL_NVIC_EnableIRQ                       0x08000ec7   Thumb Code    22  stm32f4xx_hal_cortex.o(i.HAL_NVIC_EnableIRQ)
    HAL_NVIC_SetPriority                     0x08000edd   Thumb Code    60  stm32f4xx_hal_cortex.o(i.HAL_NVIC_SetPriority)
    HAL_NVIC_SetPriorityGrouping             0x08000f1d   Thumb Code    26  stm32f4xx_hal_cortex.o(i.HAL_NVIC_SetPriorityGrouping)
    HAL_RCC_ClockConfig                      0x08000f41   Thumb Code   312  stm32f4xx_hal_rcc.o(i.HAL_RCC_ClockConfig)
    HAL_RCC_DeInit                           0x08001081   Thumb Code    70  stm32f4xx_hal_rcc_ex.o(i.HAL_RCC_DeInit)
    HAL_RCC_GetHCLKFreq                      0x080010d9   Thumb Code    38  stm32f4xx_hal_rcc.o(i.HAL_RCC_GetHCLKFreq)
    HAL_RCC_GetPCLK1Freq                     0x0800110d   Thumb Code    36  stm32f4xx_hal_rcc.o(i.HAL_RCC_GetPCLK1Freq)
    HAL_RCC_GetPCLK2Freq                     0x08001139   Thumb Code    36  stm32f4xx_hal_rcc.o(i.HAL_RCC_GetPCLK2Freq)
    HAL_RCC_GetSysClockFreq                  0x08001165   Thumb Code   104  stm32f4xx_hal_rcc.o(i.HAL_RCC_GetSysClockFreq)
    HAL_RCC_OscConfig                        0x080011d5   Thumb Code   722  stm32f4xx_hal_rcc.o(i.HAL_RCC_OscConfig)
    HAL_SPI_Init                             0x080014b9   Thumb Code   140  stm32f4xx_hal_spi.o(i.HAL_SPI_Init)
    HAL_SPI_MspInit                          0x08001545   Thumb Code    76  spi.o(i.HAL_SPI_MspInit)
    HAL_SYSTICK_CLKSourceConfig              0x0800159d   Thumb Code    24  stm32f4xx_hal_cortex.o(i.HAL_SYSTICK_CLKSourceConfig)
    HAL_SYSTICK_Config                       0x080015b5   Thumb Code    40  stm32f4xx_hal_cortex.o(i.HAL_SYSTICK_Config)
    HAL_UART_ErrorCallback                   0x080015dd   Thumb Code     2  stm32f4xx_hal_uart.o(i.HAL_UART_ErrorCallback)
    HAL_UART_IRQHandler                      0x080015df   Thumb Code   232  stm32f4xx_hal_uart.o(i.HAL_UART_IRQHandler)
    HAL_UART_Init                            0x080016c7   Thumb Code    98  stm32f4xx_hal_uart.o(i.HAL_UART_Init)
    HAL_UART_MspInit                         0x08001729   Thumb Code    88  usart.o(i.HAL_UART_MspInit)
    HAL_UART_RxCpltCallback                  0x08001791   Thumb Code     2  stm32f4xx_hal_uart.o(i.HAL_UART_RxCpltCallback)
    HAL_UART_Transmit                        0x08001793   Thumb Code   170  stm32f4xx_hal_uart.o(i.HAL_UART_Transmit)
    HAL_UART_TxCpltCallback                  0x0800183d   Thumb Code     2  stm32f4xx_hal_uart.o(i.HAL_UART_TxCpltCallback)
    MX_GPIO_Init                             0x08001841   Thumb Code   438  gpio.o(i.MX_GPIO_Init)
    MX_SPI1_Init                             0x08001a19   Thumb Code    46  spi.o(i.MX_SPI1_Init)
    MX_USART3_UART_Init                      0x08001a51   Thumb Code    32  usart.o(i.MX_USART3_UART_Init)
    Math_Init                                0x08001a79   Thumb Code     6  lib_math.o(i.Math_Init)
    Math_RandSetSeed                         0x08001a81   Thumb Code    32  lib_math.o(i.Math_RandSetSeed)
    Mem_Clr                                  0x08001aa5   Thumb Code     8  lib_mem.o(i.Mem_Clr)
    Mem_Init                                 0x08001aad   Thumb Code    48  lib_mem.o(i.Mem_Init)
    Mem_SegCreate                            0x08001aed   Thumb Code    62  lib_mem.o(i.Mem_SegCreate)
    Mem_Set                                  0x08001b49   Thumb Code    68  lib_mem.o(i.Mem_Set)
    OSCfg_Init                               0x08001bad   Thumb Code     2  os_cfg_app.o(i.OSCfg_Init)
    OSIdleTaskHook                           0x08001baf   Thumb Code     2  os_cpu_c.o(i.OSIdleTaskHook)
    OSInit                                   0x08001bb1   Thumb Code   248  os_core.o(i.OSInit)
    OSInitHook                               0x08001cf1   Thumb Code    22  os_cpu_c.o(i.OSInitHook)
    OSIntEnter                               0x08001d15   Thumb Code    22  os_core.o(i.OSIntEnter)
    OSIntExit                                0x08001d35   Thumb Code   100  os_core.o(i.OSIntExit)
    OSMutexCreate                            0x08001db9   Thumb Code    76  os_mutex.o(i.OSMutexCreate)
    OSMutexPend                              0x08001e0d   Thumb Code   338  os_mutex.o(i.OSMutexPend)
    OSMutexPost                              0x08001f6d   Thumb Code   292  os_mutex.o(i.OSMutexPost)
    OSSched                                  0x0800209d   Thumb Code    96  os_core.o(i.OSSched)
    OSSchedLock                              0x08002119   Thumb Code    64  os_core.o(i.OSSchedLock)
    OSSchedUnlock                            0x08002161   Thumb Code    88  os_core.o(i.OSSchedUnlock)
    OSSemCreate                              0x080021c1   Thumb Code    74  os_sem.o(i.OSSemCreate)
    OSStart                                  0x08002215   Thumb Code    62  os_core.o(i.OSStart)
    OSStatReset                              0x0800226d   Thumb Code   178  os_stat.o(i.OSStatReset)
    OSStatTaskCPUUsageInit                   0x08002341   Thumb Code   150  os_stat.o(i.OSStatTaskCPUUsageInit)
    OSStatTaskHook                           0x080023f5   Thumb Code    12  os_cpu_c.o(i.OSStatTaskHook)
    OSTaskCreate                             0x08002405   Thumb Code   264  os_task.o(i.OSTaskCreate)
    OSTaskCreateHook                         0x08002519   Thumb Code    12  os_cpu_c.o(i.OSTaskCreateHook)
    OSTaskDel                                0x08002529   Thumb Code   302  os_task.o(i.OSTaskDel)
    OSTaskDelHook                            0x08002665   Thumb Code    12  os_cpu_c.o(i.OSTaskDelHook)
    OSTaskResume                             0x08002675   Thumb Code    38  os_task.o(i.OSTaskResume)
    OSTaskReturnHook                         0x0800269d   Thumb Code    12  os_cpu_c.o(i.OSTaskReturnHook)
    OSTaskSemPend                            0x080026ad   Thumb Code   276  os_task.o(i.OSTaskSemPend)
    OSTaskSemPost                            0x080027c9   Thumb Code    28  os_task.o(i.OSTaskSemPost)
    OSTaskStkChk                             0x080027e5   Thumb Code   136  os_task.o(i.OSTaskStkChk)
    OSTaskStkInit                            0x08002871   Thumb Code   318  os_cpu_c.o(i.OSTaskStkInit)
    OSTaskSuspend                            0x08002a19   Thumb Code    18  os_task.o(i.OSTaskSuspend)
    OSTaskSwHook                             0x08002a31   Thumb Code    98  os_cpu_c.o(i.OSTaskSwHook)
    OSTimeDly                                0x08002aa1   Thumb Code   122  os_time.o(i.OSTimeDly)
    OSTimeDlyHMSM                            0x08002b25   Thumb Code   182  os_time.o(i.OSTimeDlyHMSM)
    OSTimeTick                               0x08002be9   Thumb Code    44  os_time.o(i.OSTimeTick)
    OSTimeTickHook                           0x08002c25   Thumb Code    12  os_cpu_c.o(i.OSTimeTickHook)
    OS_CPU_SysTickHandler                    0x08002c35   Thumb Code    42  os_cpu_c.o(i.OS_CPU_SysTickHandler)
    OS_CPU_SysTickInit                       0x08002c65   Thumb Code    36  os_cpu_c.o(i.OS_CPU_SysTickInit)
    OS_Dbg_Init                              0x08002c8d   Thumb Code     2  os_dbg.o(i.OS_Dbg_Init)
    OS_FlagInit                              0x08002c91   Thumb Code    14  os_flag.o(i.OS_FlagInit)
    OS_IdleTask                              0x08002ca9   Thumb Code    42  os_core.o(i.OS_IdleTask)
    OS_IdleTaskInit                          0x08002cdd   Thumb Code    60  os_core.o(i.OS_IdleTaskInit)
    OS_MemInit                               0x08002d45   Thumb Code    14  os_mem.o(i.OS_MemInit)
    OS_MsgPoolInit                           0x08002d5d   Thumb Code    72  os_msg.o(i.OS_MsgPoolInit)
    OS_MsgQFreeAll                           0x08002db1   Thumb Code    48  os_msg.o(i.OS_MsgQFreeAll)
    OS_MsgQInit                              0x08002de5   Thumb Code    14  os_msg.o(i.OS_MsgQInit)
    OS_MutexDbgListAdd                       0x08002df5   Thumb Code    26  os_mutex.o(i.OS_MutexDbgListAdd)
    OS_MutexGrpPostAll                       0x08002e19   Thumb Code    82  os_mutex.o(i.OS_MutexGrpPostAll)
    OS_MutexGrpPrioFindHighest               0x08002e6b   Thumb Code    34  os_mutex.o(i.OS_MutexGrpPrioFindHighest)
    OS_MutexGrpRemove                        0x08002e8d   Thumb Code    20  os_mutex.o(i.OS_MutexGrpRemove)
    OS_MutexInit                             0x08002ea1   Thumb Code    14  os_mutex.o(i.OS_MutexInit)
    OS_Pend                                  0x08002eb9   Thumb Code    76  os_core.o(i.OS_Pend)
    OS_PendDataInit                          0x08002f09   Thumb Code    50  os_core.o(i.OS_PendDataInit)
    OS_PendDbgNameAdd                        0x08002f3d   Thumb Code    46  os_core.o(i.OS_PendDbgNameAdd)
    OS_PendDbgNameRemove                     0x08002f85   Thumb Code    22  os_core.o(i.OS_PendDbgNameRemove)
    OS_PendListChangePrio                    0x08002fa1   Thumb Code    48  os_core.o(i.OS_PendListChangePrio)
    OS_PendListInit                          0x08002fd1   Thumb Code    10  os_core.o(i.OS_PendListInit)
    OS_PendListInsertPrio                    0x08002fdb   Thumb Code    90  os_core.o(i.OS_PendListInsertPrio)
    OS_PendListRemove                        0x08003035   Thumb Code    42  os_core.o(i.OS_PendListRemove)
    OS_PendListRemove1                       0x0800305f   Thumb Code    54  os_core.o(i.OS_PendListRemove1)
    OS_Post                                  0x08003095   Thumb Code   178  os_core.o(i.OS_Post)
    OS_Post1                                 0x08003147   Thumb Code    40  os_core.o(i.OS_Post1)
    OS_PrioGetHighest                        0x08003171   Thumb Code    32  os_prio.o(i.OS_PrioGetHighest)
    OS_PrioInit                              0x08003195   Thumb Code     8  os_prio.o(i.OS_PrioInit)
    OS_PrioInsert                            0x080031a1   Thumb Code    28  os_prio.o(i.OS_PrioInsert)
    OS_PrioRemove                            0x080031c1   Thumb Code    28  os_prio.o(i.OS_PrioRemove)
    OS_QInit                                 0x080031e1   Thumb Code    14  os_q.o(i.OS_QInit)
    OS_RdyListInit                           0x080031f9   Thumb Code    32  os_core.o(i.OS_RdyListInit)
    OS_RdyListInsert                         0x0800321d   Thumb Code    42  os_core.o(i.OS_RdyListInsert)
    OS_RdyListInsertHead                     0x0800324d   Thumb Code    52  os_core.o(i.OS_RdyListInsertHead)
    OS_RdyListInsertTail                     0x08003285   Thumb Code    48  os_core.o(i.OS_RdyListInsertTail)
    OS_RdyListRemove                         0x080032b9   Thumb Code    78  os_core.o(i.OS_RdyListRemove)
    OS_SemDbgListAdd                         0x0800330d   Thumb Code    26  os_sem.o(i.OS_SemDbgListAdd)
    OS_SemInit                               0x08003331   Thumb Code    14  os_sem.o(i.OS_SemInit)
    OS_StatTask                              0x08003349   Thumb Code   514  os_stat.o(i.OS_StatTask)
    OS_StatTaskInit                          0x0800358d   Thumb Code   118  os_stat.o(i.OS_StatTaskInit)
    OS_TaskBlock                             0x08003649   Thumb Code    36  os_core.o(i.OS_TaskBlock)
    OS_TaskChangePrio                        0x08003671   Thumb Code   178  os_task.o(i.OS_TaskChangePrio)
    OS_TaskDbgListAdd                        0x08003729   Thumb Code    30  os_task.o(i.OS_TaskDbgListAdd)
    OS_TaskDbgListRemove                     0x0800374d   Thumb Code    50  os_task.o(i.OS_TaskDbgListRemove)
    OS_TaskInit                              0x08003785   Thumb Code    18  os_task.o(i.OS_TaskInit)
    OS_TaskInitTCB                           0x080037a5   Thumb Code   182  os_task.o(i.OS_TaskInitTCB)
    OS_TaskResume                            0x08003869   Thumb Code   184  os_task.o(i.OS_TaskResume)
    OS_TaskReturn                            0x08003921   Thumb Code    20  os_task.o(i.OS_TaskReturn)
    OS_TaskSemPost                           0x08003939   Thumb Code   166  os_task.o(i.OS_TaskSemPost)
    OS_TaskSuspend                           0x080039e5   Thumb Code   160  os_task.o(i.OS_TaskSuspend)
    OS_TickListInsert                        0x08003a8d   Thumb Code    94  os_tick.o(i.OS_TickListInsert)
    OS_TickListInsertDly                     0x08003aed   Thumb Code   110  os_tick.o(i.OS_TickListInsertDly)
    OS_TickListRemove                        0x08003b69   Thumb Code    64  os_tick.o(i.OS_TickListRemove)
    OS_TickTask                              0x08003d19   Thumb Code    74  os_tick.o(i.OS_TickTask)
    OS_TickTaskInit                          0x08003d6d   Thumb Code   118  os_tick.o(i.OS_TickTaskInit)
    OS_TmrInit                               0x08003e21   Thumb Code   170  os_tmr.o(i.OS_TmrInit)
    OS_TmrTask                               0x08003f51   Thumb Code   138  os_tmr.o(i.OS_TmrTask)
    OS_TmrUnlink                             0x08003fe9   Thumb Code    50  os_tmr.o(i.OS_TmrUnlink)
    Str_Copy_N                               0x08004039   Thumb Code    50  lib_str.o(i.Str_Copy_N)
    Str_Len_N                                0x0800406b   Thumb Code    22  lib_str.o(i.Str_Len_N)
    SystemClock_Config                       0x08004081   Thumb Code   140  main.o(i.SystemClock_Config)
    SystemInit                               0x08004115   Thumb Code    66  system_stm32f4xx.o(i.SystemInit)
    USART3_IRQHandler                        0x080045a5   Thumb Code     6  stm32f4xx_it.o(i.USART3_IRQHandler)
    __scatterload_copy                       0x080045b1   Thumb Code    14  handlers.o(i.__scatterload_copy)
    __scatterload_null                       0x080045bf   Thumb Code     2  handlers.o(i.__scatterload_null)
    __scatterload_zeroinit                   0x080045c1   Thumb Code    14  handlers.o(i.__scatterload_zeroinit)
    main                                     0x080045d1   Thumb Code   106  main.o(i.main)
    APBAHBPrescTable                         0x08004660   Data          16  stm32f4xx_hal_rcc.o(.constdata)
    OSCfg_IdleTaskStkBasePtr                 0x08004670   Data           4  os_cfg_app.o(.constdata)
    OSCfg_IdleTaskStkLimit                   0x08004674   Data           4  os_cfg_app.o(.constdata)
    OSCfg_IdleTaskStkSize                    0x08004678   Data           4  os_cfg_app.o(.constdata)
    OSCfg_ISRStkBasePtr                      0x0800467c   Data           4  os_cfg_app.o(.constdata)
    OSCfg_ISRStkSize                         0x08004680   Data           4  os_cfg_app.o(.constdata)
    OSCfg_MsgPoolSize                        0x08004684   Data           2  os_cfg_app.o(.constdata)
    OSCfg_MsgPoolBasePtr                     0x08004688   Data           4  os_cfg_app.o(.constdata)
    OSCfg_StatTaskPrio                       0x0800468c   Data           1  os_cfg_app.o(.constdata)
    OSCfg_StatTaskRate_Hz                    0x08004690   Data           4  os_cfg_app.o(.constdata)
    OSCfg_StatTaskStkBasePtr                 0x08004694   Data           4  os_cfg_app.o(.constdata)
    OSCfg_StatTaskStkLimit                   0x08004698   Data           4  os_cfg_app.o(.constdata)
    OSCfg_StatTaskStkSize                    0x0800469c   Data           4  os_cfg_app.o(.constdata)
    OSCfg_StkSizeMin                         0x080046a0   Data           4  os_cfg_app.o(.constdata)
    OSCfg_TickRate_Hz                        0x080046a4   Data           4  os_cfg_app.o(.constdata)
    OSCfg_TickTaskPrio                       0x080046a8   Data           1  os_cfg_app.o(.constdata)
    OSCfg_TickTaskStkBasePtr                 0x080046ac   Data           4  os_cfg_app.o(.constdata)
    OSCfg_TickTaskStkLimit                   0x080046b0   Data           4  os_cfg_app.o(.constdata)
    OSCfg_TickTaskStkSize                    0x080046b4   Data           4  os_cfg_app.o(.constdata)
    OSCfg_TmrTaskPrio                        0x080046b8   Data           1  os_cfg_app.o(.constdata)
    OSCfg_TmrTaskRate_Hz                     0x080046bc   Data           4  os_cfg_app.o(.constdata)
    OSCfg_TmrTaskStkBasePtr                  0x080046c0   Data           4  os_cfg_app.o(.constdata)
    OSCfg_TmrTaskStkLimit                    0x080046c4   Data           4  os_cfg_app.o(.constdata)
    OSCfg_TmrTaskStkSize                     0x080046c8   Data           4  os_cfg_app.o(.constdata)
    Region$$Table$$Base                      0x080046cc   Number         0  anon$$obj.o(Region$$Table)
    Region$$Table$$Limit                     0x080046ec   Number         0  anon$$obj.o(Region$$Table)
    uwTick                                   0x20000000   Data           4  stm32f4xx_hal.o(.data)
    SystemCoreClock                          0x20000004   Data           4  system_stm32f4xx.o(.data)
    OSPrioTbl                                0x20000008   Data           4  os_prio.o(.data)
    OS_AppTaskCreateHookPtr                  0x2000000c   Data           4  os_var.o(.data)
    OS_AppTaskDelHookPtr                     0x20000010   Data           4  os_var.o(.data)
    OS_AppTaskReturnHookPtr                  0x20000014   Data           4  os_var.o(.data)
    OS_AppIdleTaskHookPtr                    0x20000018   Data           4  os_var.o(.data)
    OS_AppStatTaskHookPtr                    0x2000001c   Data           4  os_var.o(.data)
    OS_AppTaskSwHookPtr                      0x20000020   Data           4  os_var.o(.data)
    OS_AppTimeTickHookPtr                    0x20000024   Data           4  os_var.o(.data)
    OSIdleTaskCtr                            0x20000028   Data           4  os_var.o(.data)
    OSIntNestingCtr                          0x2000002c   Data           1  os_var.o(.data)
    OSIntDisTimeMax                          0x20000030   Data           4  os_var.o(.data)
    OSRunning                                0x20000034   Data           1  os_var.o(.data)
    OSFlagDbgListPtr                         0x20000038   Data           4  os_var.o(.data)
    OSFlagQty                                0x2000003c   Data           2  os_var.o(.data)
    OSMemDbgListPtr                          0x20000040   Data           4  os_var.o(.data)
    OSMemQty                                 0x20000044   Data           2  os_var.o(.data)
    OSMutexDbgListPtr                        0x20000048   Data           4  os_var.o(.data)
    OSMutexQty                               0x2000004c   Data           2  os_var.o(.data)
    OSPrioCur                                0x2000004e   Data           1  os_var.o(.data)
    OSPrioHighRdy                            0x2000004f   Data           1  os_var.o(.data)
    OSPrioSaved                              0x20000050   Data           1  os_var.o(.data)
    OSQDbgListPtr                            0x20000054   Data           4  os_var.o(.data)
    OSQQty                                   0x20000058   Data           2  os_var.o(.data)
    OSSchedLockNestingCtr                    0x2000005a   Data           1  os_var.o(.data)
    OSSemDbgListPtr                          0x2000005c   Data           4  os_var.o(.data)
    OSSemQty                                 0x20000060   Data           2  os_var.o(.data)
    OSStatResetFlag                          0x20000062   Data           1  os_var.o(.data)
    OSStatTaskCPUUsage                       0x20000064   Data           2  os_var.o(.data)
    OSStatTaskCPUUsageMax                    0x20000066   Data           2  os_var.o(.data)
    OSStatTaskCtr                            0x20000068   Data           4  os_var.o(.data)
    OSStatTaskCtrMax                         0x2000006c   Data           4  os_var.o(.data)
    OSStatTaskCtrRun                         0x20000070   Data           4  os_var.o(.data)
    OSStatTaskRdy                            0x20000074   Data           1  os_var.o(.data)
    OSStatTaskTimeMax                        0x20000078   Data           4  os_var.o(.data)
    OSTaskCtxSwCtr                           0x2000007c   Data           4  os_var.o(.data)
    OSTaskDbgListPtr                         0x20000080   Data           4  os_var.o(.data)
    OSTaskQty                                0x20000084   Data           2  os_var.o(.data)
    OSTaskRegNextAvailID                     0x20000086   Data           1  os_var.o(.data)
    OSTickCtr                                0x20000088   Data           4  os_var.o(.data)
    OSTickTaskTimeMax                        0x2000008c   Data           4  os_var.o(.data)
    OSTickListDly                            0x20000090   Data           8  os_var.o(.data)
    OSTickListTimeout                        0x20000098   Data           8  os_var.o(.data)
    OSTmrDbgListPtr                          0x200000a0   Data           4  os_var.o(.data)
    OSTmrListEntries                         0x200000a4   Data           2  os_var.o(.data)
    OSTmrListPtr                             0x200000a8   Data           4  os_var.o(.data)
    OSTmrTaskTimeMax                         0x200000ac   Data           4  os_var.o(.data)
    OSTmrTickCtr                             0x200000b0   Data           4  os_var.o(.data)
    OSTmrUpdateCnt                           0x200000b4   Data           4  os_var.o(.data)
    OSTmrUpdateCtr                           0x200000b8   Data           4  os_var.o(.data)
    OSTCBCurPtr                              0x200000bc   Data           4  os_var.o(.data)
    OSTCBHighRdyPtr                          0x200000c0   Data           4  os_var.o(.data)
    Math_RandSeedCur                         0x200000c4   Data           4  lib_math.o(.data)
    Mem_SegHeadPtr                           0x200000c8   Data           4  lib_mem.o(.data)
    CPU_IntDisMeasCtr                        0x200000cc   Data           2  cpu_core.o(.data)
    CPU_IntDisNestCtr                        0x200000ce   Data           2  cpu_core.o(.data)
    CPU_TS_TmrFreq_Hz                        0x200000d0   Data           4  cpu_core.o(.data)
    CPU_IntDisMeasStart_cnts                 0x200000d4   Data           4  cpu_core.o(.data)
    CPU_IntDisMeasStop_cnts                  0x200000d8   Data           4  cpu_core.o(.data)
    CPU_IntDisMeasOvrhd_cnts                 0x200000dc   Data           4  cpu_core.o(.data)
    CPU_IntDisMeasMaxCur_cnts                0x200000e0   Data           4  cpu_core.o(.data)
    CPU_IntDisMeasMax_cnts                   0x200000e4   Data           4  cpu_core.o(.data)
    OS_CPU_ExceptStkBase                     0x200000e8   Data           4  os_cpu_c.o(.data)
    AppTaskLed1TCB                           0x200005ac   Data         192  main.o(.bss)
    AppTaskServerTCB                         0x20000bdc   Data         192  main.o(.bss)
    AppTaskSemLed1                           0x20000fbc   Data          40  main.o(.bss)
    huart3                                   0x20000fe4   Data          64  usart.o(.bss)
    hspi1                                    0x20001024   Data          88  spi.o(.bss)
    OSCfg_IdleTaskStk                        0x200011c4   Data         512  os_cfg_app.o(.bss)
    OSCfg_ISRStk                             0x200013c4   Data         400  os_cfg_app.o(.bss)
    OSCfg_MsgPool                            0x20001554   Data        1600  os_cfg_app.o(.bss)
    OSCfg_StatTaskStk                        0x20001b94   Data         400  os_cfg_app.o(.bss)
    OSCfg_TickTaskStk                        0x20001d24   Data         512  os_cfg_app.o(.bss)
    OSCfg_TmrTaskStk                         0x20001f24   Data         512  os_cfg_app.o(.bss)
    OSIdleTaskTCB                            0x20002124   Data         192  os_var.o(.bss)
    OSMsgPool                                0x200021e4   Data          12  os_var.o(.bss)
    OSRdyList                                0x200021f0   Data         384  os_var.o(.bss)
    OSStatTaskTCB                            0x20002370   Data         192  os_var.o(.bss)
    OSTickTaskTCB                            0x20002430   Data         192  os_var.o(.bss)
    OSTmrMutex                               0x200024f0   Data          48  os_var.o(.bss)
    OSTmrTaskTCB                             0x20002520   Data         192  os_var.o(.bss)
    Mem_Heap                                 0x200025e0   Data        1024  lib_mem.o(.bss)
    Mem_SegHeap                              0x200029e0   Data          20  lib_mem.o(.bss)
    CPU_Name                                 0x200029f4   Data          16  cpu_core.o(.bss)
    __initial_sp                             0x20002c08   Data           0  startup.o(STACK)



==============================================================================

Memory Map of the image

  Image Entry point : 0x08000189

  Load Region LR_IROM1 (Base: 0x08000000, Size: 0x000047d8, Max: 0x00100000, ABSOLUTE)

    Execution Region ER_IROM1 (Base: 0x08000000, Size: 0x000046ec, Max: 0x00100000, ABSOLUTE)

    Base Addr    Size         Type   Attr      Idx    E Section Name        Object

    0x08000000   0x00000188   Data   RO         2849    RESET               startup.o
    0x08000188   0x00000000   Code   RO         4822  * .ARM.Collect$$$$00000000  mc_w.l(entry.o)
    0x08000188   0x00000004   Code   RO         4827    .ARM.Collect$$$$00000001  mc_w.l(entry2.o)
    0x0800018c   0x00000004   Code   RO         4830    .ARM.Collect$$$$00000004  mc_w.l(entry5.o)
    0x08000190   0x00000000   Code   RO         4832    .ARM.Collect$$$$00000008  mc_w.l(entry7b.o)
    0x08000190   0x00000000   Code   RO         4834    .ARM.Collect$$$$0000000A  mc_w.l(entry8b.o)
    0x08000190   0x00000008   Code   RO         4835    .ARM.Collect$$$$0000000B  mc_w.l(entry9a.o)
    0x08000198   0x00000000   Code   RO         4837    .ARM.Collect$$$$0000000D  mc_w.l(entry10a.o)
    0x08000198   0x00000000   Code   RO         4839    .ARM.Collect$$$$0000000F  mc_w.l(entry11a.o)
    0x08000198   0x00000004   Code   RO         4828    .ARM.Collect$$$$00002712  mc_w.l(entry2.o)
    0x0800019c   0x00000048   Code   RO         2850    .text               startup.o
    0x080001e4   0x00000034   Code   RO         4690    .text               cpu_a.o
    0x08000218   0x00000024   Code   RO         4845    .text               mc_w.l(init.o)
    0x0800023c   0x00000118   Code   RO         4741    CODE                os_cpu_a.o
    0x08000354   0x000000c8   Code   RO          167    i.AppTaskCreate     main.o
    0x0800041c   0x0000001e   Code   RO          168    i.AppTaskLed1       main.o
    0x0800043a   0x00000002   PAD
    0x0800043c   0x0000003c   Code   RO          169    i.AppTaskServer     main.o
    0x08000478   0x00000040   Code   RO          170    i.AppTaskStart      main.o
    0x080004b8   0x0000003c   Code   RO          171    i.AppTaskUARTSend   main.o
    0x080004f4   0x00000002   Code   RO          368    i.App_OS_IdleTaskHook  os_app_hooks.o
    0x080004f6   0x00000002   PAD
    0x080004f8   0x0000007c   Code   RO          370    i.App_OS_SetAllHooks  os_app_hooks.o
    0x08000574   0x00000002   Code   RO          371    i.App_OS_StatTaskHook  os_app_hooks.o
    0x08000576   0x00000002   Code   RO          372    i.App_OS_TaskCreateHook  os_app_hooks.o
    0x08000578   0x00000002   Code   RO          373    i.App_OS_TaskDelHook  os_app_hooks.o
    0x0800057a   0x00000002   Code   RO          374    i.App_OS_TaskReturnHook  os_app_hooks.o
    0x0800057c   0x00000002   Code   RO          375    i.App_OS_TaskSwHook  os_app_hooks.o
    0x0800057e   0x00000004   Code   RO          376    i.App_OS_TimeTickHook  os_app_hooks.o
    0x08000582   0x00000002   PAD
    0x08000584   0x0000000c   Code   RO         2857    i.BSP_ButtonBlueRd  bsp_button.o
    0x08000590   0x00000004   Code   RO         2124    i.BSP_CPU_ClkFreq   bsp.o
    0x08000594   0x000000c0   Code   RO         2125    i.BSP_Init          bsp.o
    0x08000654   0x00000004   Code   RO         2191    i.BSP_IntDisAll     bsp_int.o
    0x08000658   0x00000038   Code   RO         2193    i.BSP_IntHandler    bsp_int.o
    0x08000690   0x00000006   Code   RO         2194    i.BSP_IntHandlerADC  bsp_int.o
    0x08000696   0x00000002   PAD
    0x08000698   0x00000018   Code   RO         2858    i.BSP_IntHandlerButtonBlue  bsp_button.o
    0x080006b0   0x00000006   Code   RO         2195    i.BSP_IntHandlerCAN1_RX0  bsp_int.o
    0x080006b6   0x00000006   Code   RO         2196    i.BSP_IntHandlerCAN1_RX1  bsp_int.o
    0x080006bc   0x00000006   Code   RO         2197    i.BSP_IntHandlerCAN1_SCE  bsp_int.o
    0x080006c2   0x00000006   Code   RO         2198    i.BSP_IntHandlerCAN1_TX  bsp_int.o
    0x080006c8   0x00000006   Code   RO         2199    i.BSP_IntHandlerCAN2_RX0  bsp_int.o
    0x080006ce   0x00000006   Code   RO         2200    i.BSP_IntHandlerCAN2_RX1  bsp_int.o
    0x080006d4   0x00000006   Code   RO         2201    i.BSP_IntHandlerCAN2_SCE  bsp_int.o
    0x080006da   0x00000006   Code   RO         2202    i.BSP_IntHandlerCAN2_TX  bsp_int.o
    0x080006e0   0x00000006   Code   RO         2203    i.BSP_IntHandlerCRYP  bsp_int.o
    0x080006e6   0x00000006   Code   RO         2204    i.BSP_IntHandlerDCMI  bsp_int.o
    0x080006ec   0x00000006   Code   RO         2205    i.BSP_IntHandlerDMA1_CH0  bsp_int.o
    0x080006f2   0x00000006   Code   RO         2206    i.BSP_IntHandlerDMA1_CH1  bsp_int.o
    0x080006f8   0x00000006   Code   RO         2207    i.BSP_IntHandlerDMA1_CH2  bsp_int.o
    0x080006fe   0x00000006   Code   RO         2208    i.BSP_IntHandlerDMA1_CH3  bsp_int.o
    0x08000704   0x00000006   Code   RO         2209    i.BSP_IntHandlerDMA1_CH4  bsp_int.o
    0x0800070a   0x00000006   Code   RO         2210    i.BSP_IntHandlerDMA1_CH5  bsp_int.o
    0x08000710   0x00000006   Code   RO         2211    i.BSP_IntHandlerDMA1_CH6  bsp_int.o
    0x08000716   0x00000006   Code   RO         2212    i.BSP_IntHandlerDMA1_STREAM7  bsp_int.o
    0x0800071c   0x00000006   Code   RO         2213    i.BSP_IntHandlerDMA2_CH0  bsp_int.o
    0x08000722   0x00000006   Code   RO         2214    i.BSP_IntHandlerDMA2_CH1  bsp_int.o
    0x08000728   0x00000006   Code   RO         2215    i.BSP_IntHandlerDMA2_CH2  bsp_int.o
    0x0800072e   0x00000006   Code   RO         2216    i.BSP_IntHandlerDMA2_CH3  bsp_int.o
    0x08000734   0x00000006   Code   RO         2217    i.BSP_IntHandlerDMA2_CH4  bsp_int.o
    0x0800073a   0x00000006   Code   RO         2218    i.BSP_IntHandlerDMA2_CH5  bsp_int.o
    0x08000740   0x00000006   Code   RO         2219    i.BSP_IntHandlerDMA2_CH6  bsp_int.o
    0x08000746   0x00000006   Code   RO         2220    i.BSP_IntHandlerDMA2_CH7  bsp_int.o
    0x0800074c   0x00000002   Code   RO         2221    i.BSP_IntHandlerDummy  bsp_int.o
    0x0800074e   0x00000006   Code   RO         2222    i.BSP_IntHandlerETH  bsp_int.o
    0x08000754   0x00000006   Code   RO         2223    i.BSP_IntHandlerETHWakeup  bsp_int.o
    0x0800075a   0x00000006   Code   RO         2224    i.BSP_IntHandlerEXTI0  bsp_int.o
    0x08000760   0x00000006   Code   RO         2225    i.BSP_IntHandlerEXTI1  bsp_int.o
    0x08000766   0x00000006   Code   RO         2226    i.BSP_IntHandlerEXTI15_10  bsp_int.o
    0x0800076c   0x00000006   Code   RO         2227    i.BSP_IntHandlerEXTI2  bsp_int.o
    0x08000772   0x00000006   Code   RO         2228    i.BSP_IntHandlerEXTI3  bsp_int.o
    0x08000778   0x00000006   Code   RO         2229    i.BSP_IntHandlerEXTI4  bsp_int.o
    0x0800077e   0x00000006   Code   RO         2230    i.BSP_IntHandlerEXTI9_5  bsp_int.o
    0x08000784   0x00000006   Code   RO         2231    i.BSP_IntHandlerFLASH  bsp_int.o
    0x0800078a   0x00000006   Code   RO         2232    i.BSP_IntHandlerFPU  bsp_int.o
    0x08000790   0x00000006   Code   RO         2233    i.BSP_IntHandlerFSMC  bsp_int.o
    0x08000796   0x00000006   Code   RO         2234    i.BSP_IntHandlerHASH_RNG  bsp_int.o
    0x0800079c   0x00000006   Code   RO         2235    i.BSP_IntHandlerI2C1_ER  bsp_int.o
    0x080007a2   0x00000006   Code   RO         2236    i.BSP_IntHandlerI2C1_EV  bsp_int.o
    0x080007a8   0x00000006   Code   RO         2237    i.BSP_IntHandlerI2C2_ER  bsp_int.o
    0x080007ae   0x00000006   Code   RO         2238    i.BSP_IntHandlerI2C2_EV  bsp_int.o
    0x080007b4   0x00000006   Code   RO         2239    i.BSP_IntHandlerI2C3_ER  bsp_int.o
    0x080007ba   0x00000006   Code   RO         2240    i.BSP_IntHandlerI2C3_EV  bsp_int.o
    0x080007c0   0x00000006   Code   RO         2241    i.BSP_IntHandlerOTG_FS  bsp_int.o
    0x080007c6   0x00000006   Code   RO         2242    i.BSP_IntHandlerOTG_FS_WKUP  bsp_int.o
    0x080007cc   0x00000006   Code   RO         2243    i.BSP_IntHandlerOTG_HS  bsp_int.o
    0x080007d2   0x00000006   Code   RO         2244    i.BSP_IntHandlerOTG_HS_EP1_IN  bsp_int.o
    0x080007d8   0x00000006   Code   RO         2245    i.BSP_IntHandlerOTG_HS_EP1_OUT  bsp_int.o
    0x080007de   0x00000006   Code   RO         2246    i.BSP_IntHandlerOTG_HS_WKUP  bsp_int.o
    0x080007e4   0x00000006   Code   RO         2247    i.BSP_IntHandlerPVD  bsp_int.o
    0x080007ea   0x00000006   Code   RO         2248    i.BSP_IntHandlerRCC  bsp_int.o
    0x080007f0   0x00000006   Code   RO         2249    i.BSP_IntHandlerRTCAlarm  bsp_int.o
    0x080007f6   0x00000006   Code   RO         2250    i.BSP_IntHandlerRTC_WKUP  bsp_int.o
    0x080007fc   0x00000006   Code   RO         2251    i.BSP_IntHandlerSDIO  bsp_int.o
    0x08000802   0x00000006   Code   RO         2252    i.BSP_IntHandlerSPI1  bsp_int.o
    0x08000808   0x00000006   Code   RO         2253    i.BSP_IntHandlerSPI2  bsp_int.o
    0x0800080e   0x00000006   Code   RO         2254    i.BSP_IntHandlerSPI3  bsp_int.o
    0x08000814   0x00000006   Code   RO         2255    i.BSP_IntHandlerTAMP_STAMP  bsp_int.o
    0x0800081a   0x00000006   Code   RO         2256    i.BSP_IntHandlerTIM1_BRK_TIM9  bsp_int.o
    0x08000820   0x00000006   Code   RO         2257    i.BSP_IntHandlerTIM1_CC  bsp_int.o
    0x08000826   0x00000006   Code   RO         2258    i.BSP_IntHandlerTIM1_TRG_COM_TIM11  bsp_int.o
    0x0800082c   0x00000006   Code   RO         2259    i.BSP_IntHandlerTIM1_UP_TIM10  bsp_int.o
    0x08000832   0x00000006   Code   RO         2260    i.BSP_IntHandlerTIM2  bsp_int.o
    0x08000838   0x00000006   Code   RO         2261    i.BSP_IntHandlerTIM3  bsp_int.o
    0x0800083e   0x00000006   Code   RO         2262    i.BSP_IntHandlerTIM4  bsp_int.o
    0x08000844   0x00000006   Code   RO         2263    i.BSP_IntHandlerTIM5  bsp_int.o
    0x0800084a   0x00000006   Code   RO         2264    i.BSP_IntHandlerTIM6_DAC  bsp_int.o
    0x08000850   0x00000006   Code   RO         2265    i.BSP_IntHandlerTIM7  bsp_int.o
    0x08000856   0x00000006   Code   RO         2266    i.BSP_IntHandlerTIM8_BRK_TIM12  bsp_int.o
    0x0800085c   0x00000006   Code   RO         2267    i.BSP_IntHandlerTIM8_CC  bsp_int.o
    0x08000862   0x00000006   Code   RO         2268    i.BSP_IntHandlerTIM8_TRG_COM_TIM14  bsp_int.o
    0x08000868   0x00000006   Code   RO         2269    i.BSP_IntHandlerTIM8_UP_TIM13  bsp_int.o
    0x0800086e   0x00000006   Code   RO         2270    i.BSP_IntHandlerUSART1  bsp_int.o
    0x08000874   0x00000006   Code   RO         2271    i.BSP_IntHandlerUSART2  bsp_int.o
    0x0800087a   0x00000006   Code   RO         2272    i.BSP_IntHandlerUSART3  bsp_int.o
    0x08000880   0x00000006   Code   RO         2273    i.BSP_IntHandlerUSART4  bsp_int.o
    0x08000886   0x00000006   Code   RO         2274    i.BSP_IntHandlerUSART5  bsp_int.o
    0x0800088c   0x00000006   Code   RO         2275    i.BSP_IntHandlerUSART6  bsp_int.o
    0x08000892   0x00000004   Code   RO         2888    i.BSP_IntHandlerUSARTSec  bsp_uart.o
    0x08000896   0x00000006   Code   RO         2276    i.BSP_IntHandlerWWDG  bsp_int.o
    0x0800089c   0x00000034   Code   RO         2277    i.BSP_IntInit       bsp_int.o
    0x080008d0   0x00000030   Code   RO         2280    i.BSP_IntVectSet    bsp_int.o
    0x08000900   0x00000038   Code   RO         2128    i.BSP_LED_Toggle    bsp.o
    0x08000938   0x000000e0   Code   RO         2758    i.BSP_PeriphEn      bsp_periph.o
    0x08000a18   0x0000001c   Code   RO         2129    i.BSP_Tick_Init     bsp.o
    0x08000a34   0x00000022   Code   RO         2889    i.BSP_USART_Putc    bsp_uart.o
    0x08000a56   0x00000002   PAD
    0x08000a58   0x0000001c   Code   RO         4537    i.CPU_Init          cpu_core.o
    0x08000a74   0x0000004c   Code   RO         4538    i.CPU_IntDisMeasInit  cpu_core.o
    0x08000ac0   0x00000014   Code   RO         4539    i.CPU_IntDisMeasMaxCalc  cpu_core.o
    0x08000ad4   0x0000001c   Code   RO         4540    i.CPU_IntDisMeasMaxCurGet  cpu_core.o
    0x08000af0   0x00000020   Code   RO         4541    i.CPU_IntDisMeasMaxCurReset  cpu_core.o
    0x08000b10   0x0000001c   Code   RO         4542    i.CPU_IntDisMeasMaxGet  cpu_core.o
    0x08000b2c   0x00000020   Code   RO         4543    i.CPU_IntDisMeasStart  cpu_core.o
    0x08000b4c   0x00000030   Code   RO         4544    i.CPU_IntDisMeasStop  cpu_core.o
    0x08000b7c   0x00000028   Code   RO         4545    i.CPU_NameClr       cpu_core.o
    0x08000ba4   0x0000004c   Code   RO         4547    i.CPU_NameSet       cpu_core.o
    0x08000bf0   0x00000002   Code   RO         4549    i.CPU_SW_Exception  cpu_core.o
    0x08000bf2   0x00000002   PAD
    0x08000bf4   0x0000000c   Code   RO         4552    i.CPU_TS_TmrFreqSet  cpu_core.o
    0x08000c00   0x00000030   Code   RO         2781    i.CPU_TS_TmrInit    cpu_bsp.o
    0x08000c30   0x0000000c   Code   RO         2782    i.CPU_TS_TmrRd      cpu_bsp.o
    0x08000c3c   0x00000006   Code   RO            4    i.EXTI0_IRQHandler  stm32f4xx_it.o
    0x08000c42   0x00000002   Code   RO         1327    i.HAL_GPIO_EXTI_Callback  stm32f4xx_hal_gpio.o
    0x08000c44   0x00000018   Code   RO         1328    i.HAL_GPIO_EXTI_IRQHandler  stm32f4xx_hal_gpio.o
    0x08000c5c   0x000001c0   Code   RO         1329    i.HAL_GPIO_Init     stm32f4xx_hal_gpio.o
    0x08000e1c   0x0000000a   Code   RO         1331    i.HAL_GPIO_ReadPin  stm32f4xx_hal_gpio.o
    0x08000e26   0x00000008   Code   RO         1332    i.HAL_GPIO_TogglePin  stm32f4xx_hal_gpio.o
    0x08000e2e   0x0000000a   Code   RO         1333    i.HAL_GPIO_WritePin  stm32f4xx_hal_gpio.o
    0x08000e38   0x0000000c   Code   RO          942    i.HAL_GetREVID      stm32f4xx_hal.o
    0x08000e44   0x0000000c   Code   RO          943    i.HAL_GetTick       stm32f4xx_hal.o
    0x08000e50   0x00000010   Code   RO          944    i.HAL_IncTick       stm32f4xx_hal.o
    0x08000e60   0x00000034   Code   RO          945    i.HAL_Init          stm32f4xx_hal.o
    0x08000e94   0x0000001c   Code   RO         2130    i.HAL_InitTick      bsp.o
    0x08000eb0   0x00000016   Code   RO          143    i.HAL_MspInit       stm32f4xx_hal_msp.o
    0x08000ec6   0x00000016   Code   RO         1431    i.HAL_NVIC_EnableIRQ  stm32f4xx_hal_cortex.o
    0x08000edc   0x00000040   Code   RO         1437    i.HAL_NVIC_SetPriority  stm32f4xx_hal_cortex.o
    0x08000f1c   0x00000024   Code   RO         1438    i.HAL_NVIC_SetPriorityGrouping  stm32f4xx_hal_cortex.o
    0x08000f40   0x00000140   Code   RO         1078    i.HAL_RCC_ClockConfig  stm32f4xx_hal_rcc.o
    0x08001080   0x00000058   Code   RO         1184    i.HAL_RCC_DeInit    stm32f4xx_hal_rcc_ex.o
    0x080010d8   0x00000034   Code   RO         1083    i.HAL_RCC_GetHCLKFreq  stm32f4xx_hal_rcc.o
    0x0800110c   0x0000002c   Code   RO         1085    i.HAL_RCC_GetPCLK1Freq  stm32f4xx_hal_rcc.o
    0x08001138   0x0000002c   Code   RO         1086    i.HAL_RCC_GetPCLK2Freq  stm32f4xx_hal_rcc.o
    0x08001164   0x00000070   Code   RO         1087    i.HAL_RCC_GetSysClockFreq  stm32f4xx_hal_rcc.o
    0x080011d4   0x000002e4   Code   RO         1090    i.HAL_RCC_OscConfig  stm32f4xx_hal_rcc.o
    0x080014b8   0x0000008c   Code   RO         1796    i.HAL_SPI_Init      stm32f4xx_hal_spi.o
    0x08001544   0x00000058   Code   RO          467    i.HAL_SPI_MspInit   spi.o
    0x0800159c   0x00000018   Code   RO         1440    i.HAL_SYSTICK_CLKSourceConfig  stm32f4xx_hal_cortex.o
    0x080015b4   0x00000028   Code   RO         1442    i.HAL_SYSTICK_Config  stm32f4xx_hal_cortex.o
    0x080015dc   0x00000002   Code   RO         1563    i.HAL_UART_ErrorCallback  stm32f4xx_hal_uart.o
    0x080015de   0x000000e8   Code   RO         1566    i.HAL_UART_IRQHandler  stm32f4xx_hal_uart.o
    0x080016c6   0x00000062   Code   RO         1567    i.HAL_UART_Init     stm32f4xx_hal_uart.o
    0x08001728   0x00000068   Code   RO          326    i.HAL_UART_MspInit  usart.o
    0x08001790   0x00000002   Code   RO         1573    i.HAL_UART_RxCpltCallback  stm32f4xx_hal_uart.o
    0x08001792   0x000000aa   Code   RO         1575    i.HAL_UART_Transmit  stm32f4xx_hal_uart.o
    0x0800183c   0x00000002   Code   RO         1578    i.HAL_UART_TxCpltCallback  stm32f4xx_hal_uart.o
    0x0800183e   0x00000002   PAD
    0x08001840   0x000001d8   Code   RO          301    i.MX_GPIO_Init      gpio.o
    0x08001a18   0x00000038   Code   RO          468    i.MX_SPI1_Init      spi.o
    0x08001a50   0x00000028   Code   RO          327    i.MX_USART3_UART_Init  usart.o
    0x08001a78   0x00000006   Code   RO         4155    i.Math_Init         lib_math.o
    0x08001a7e   0x00000002   PAD
    0x08001a80   0x00000024   Code   RO         4158    i.Math_RandSetSeed  lib_math.o
    0x08001aa4   0x00000008   Code   RO         4199    i.Mem_Clr           lib_mem.o
    0x08001aac   0x00000040   Code   RO         4209    i.Mem_Init          lib_mem.o
    0x08001aec   0x0000003e   Code   RO         4222    i.Mem_SegCreate     lib_mem.o
    0x08001b2a   0x00000002   PAD
    0x08001b2c   0x0000001c   Code   RO         4223    i.Mem_SegCreateCritical  lib_mem.o
    0x08001b48   0x00000044   Code   RO         4225    i.Mem_Set           lib_mem.o
    0x08001b8c   0x00000020   Code   RO         1444    i.NVIC_SetPriority  stm32f4xx_hal_cortex.o
    0x08001bac   0x00000002   Code   RO         2915    i.OSCfg_Init        os_cfg_app.o
    0x08001bae   0x00000002   Code   RO         4744    i.OSIdleTaskHook    os_cpu_c.o
    0x08001bb0   0x00000140   Code   RO         2982    i.OSInit            os_core.o
    0x08001cf0   0x00000024   Code   RO         4745    i.OSInitHook        os_cpu_c.o
    0x08001d14   0x00000020   Code   RO         2983    i.OSIntEnter        os_core.o
    0x08001d34   0x00000084   Code   RO         2984    i.OSIntExit         os_core.o
    0x08001db8   0x00000054   Code   RO         3346    i.OSMutexCreate     os_mutex.o
    0x08001e0c   0x00000160   Code   RO         3347    i.OSMutexPend       os_mutex.o
    0x08001f6c   0x00000130   Code   RO         3348    i.OSMutexPost       os_mutex.o
    0x0800209c   0x0000007c   Code   RO         2985    i.OSSched           os_core.o
    0x08002118   0x00000048   Code   RO         2986    i.OSSchedLock       os_core.o
    0x08002160   0x00000060   Code   RO         2987    i.OSSchedUnlock     os_core.o
    0x080021c0   0x00000054   Code   RO         3543    i.OSSemCreate       os_sem.o
    0x08002214   0x00000058   Code   RO         2988    i.OSStart           os_core.o
    0x0800226c   0x000000d4   Code   RO         3615    i.OSStatReset       os_stat.o
    0x08002340   0x000000b4   Code   RO         3616    i.OSStatTaskCPUUsageInit  os_stat.o
    0x080023f4   0x00000010   Code   RO         4746    i.OSStatTaskHook    os_cpu_c.o
    0x08002404   0x00000114   Code   RO         3646    i.OSTaskCreate      os_task.o
    0x08002518   0x00000010   Code   RO         4747    i.OSTaskCreateHook  os_cpu_c.o
    0x08002528   0x0000013c   Code   RO         3647    i.OSTaskDel         os_task.o
    0x08002664   0x00000010   Code   RO         4748    i.OSTaskDelHook     os_cpu_c.o
    0x08002674   0x00000026   Code   RO         3654    i.OSTaskResume      os_task.o
    0x0800269a   0x00000002   PAD
    0x0800269c   0x00000010   Code   RO         4749    i.OSTaskReturnHook  os_cpu_c.o
    0x080026ac   0x0000011c   Code   RO         3655    i.OSTaskSemPend     os_task.o
    0x080027c8   0x0000001c   Code   RO         3657    i.OSTaskSemPost     os_task.o
    0x080027e4   0x0000008c   Code   RO         3659    i.OSTaskStkChk      os_task.o
    0x08002870   0x000001a8   Code   RO         4750    i.OSTaskStkInit     os_cpu_c.o
    0x08002a18   0x00000018   Code   RO         3660    i.OSTaskSuspend     os_task.o
    0x08002a30   0x00000070   Code   RO         4751    i.OSTaskSwHook      os_cpu_c.o
    0x08002aa0   0x00000084   Code   RO         3853    i.OSTimeDly         os_time.o
    0x08002b24   0x000000c4   Code   RO         3854    i.OSTimeDlyHMSM     os_time.o
    0x08002be8   0x0000003c   Code   RO         3857    i.OSTimeTick        os_time.o
    0x08002c24   0x00000010   Code   RO         4752    i.OSTimeTickHook    os_cpu_c.o
    0x08002c34   0x00000030   Code   RO         4753    i.OS_CPU_SysTickHandler  os_cpu_c.o
    0x08002c64   0x00000028   Code   RO         4754    i.OS_CPU_SysTickInit  os_cpu_c.o
    0x08002c8c   0x00000002   Code   RO         3179    i.OS_Dbg_Init       os_dbg.o
    0x08002c8e   0x00000002   PAD
    0x08002c90   0x00000018   Code   RO         3204    i.OS_FlagInit       os_flag.o
    0x08002ca8   0x00000034   Code   RO         2990    i.OS_IdleTask       os_core.o
    0x08002cdc   0x00000068   Code   RO         2991    i.OS_IdleTaskInit   os_core.o
    0x08002d44   0x00000018   Code   RO         3278    i.OS_MemInit        os_mem.o
    0x08002d5c   0x00000054   Code   RO         3310    i.OS_MsgPoolInit    os_msg.o
    0x08002db0   0x00000034   Code   RO         3311    i.OS_MsgQFreeAll    os_msg.o
    0x08002de4   0x0000000e   Code   RO         3313    i.OS_MsgQInit       os_msg.o
    0x08002df2   0x00000002   PAD
    0x08002df4   0x00000024   Code   RO         3350    i.OS_MutexDbgListAdd  os_mutex.o
    0x08002e18   0x00000052   Code   RO         3353    i.OS_MutexGrpPostAll  os_mutex.o
    0x08002e6a   0x00000022   Code   RO         3354    i.OS_MutexGrpPrioFindHighest  os_mutex.o
    0x08002e8c   0x00000014   Code   RO         3355    i.OS_MutexGrpRemove  os_mutex.o
    0x08002ea0   0x00000018   Code   RO         3356    i.OS_MutexInit      os_mutex.o
    0x08002eb8   0x00000050   Code   RO         2992    i.OS_Pend           os_core.o
    0x08002f08   0x00000032   Code   RO         2995    i.OS_PendDataInit   os_core.o
    0x08002f3a   0x00000002   PAD
    0x08002f3c   0x00000048   Code   RO         2996    i.OS_PendDbgNameAdd  os_core.o
    0x08002f84   0x0000001c   Code   RO         2997    i.OS_PendDbgNameRemove  os_core.o
    0x08002fa0   0x00000030   Code   RO         2998    i.OS_PendListChangePrio  os_core.o
    0x08002fd0   0x0000000a   Code   RO         2999    i.OS_PendListInit   os_core.o
    0x08002fda   0x0000005a   Code   RO         3001    i.OS_PendListInsertPrio  os_core.o
    0x08003034   0x0000002a   Code   RO         3002    i.OS_PendListRemove  os_core.o
    0x0800305e   0x00000036   Code   RO         3003    i.OS_PendListRemove1  os_core.o
    0x08003094   0x000000b2   Code   RO         3006    i.OS_Post           os_core.o
    0x08003146   0x00000028   Code   RO         3007    i.OS_Post1          os_core.o
    0x0800316e   0x00000002   PAD
    0x08003170   0x00000024   Code   RO         3446    i.OS_PrioGetHighest  os_prio.o
    0x08003194   0x0000000c   Code   RO         3447    i.OS_PrioInit       os_prio.o
    0x080031a0   0x00000020   Code   RO         3448    i.OS_PrioInsert     os_prio.o
    0x080031c0   0x00000020   Code   RO         3449    i.OS_PrioRemove     os_prio.o
    0x080031e0   0x00000018   Code   RO         3490    i.OS_QInit          os_q.o
    0x080031f8   0x00000024   Code   RO         3008    i.OS_RdyListInit    os_core.o
    0x0800321c   0x00000030   Code   RO         3009    i.OS_RdyListInsert  os_core.o
    0x0800324c   0x00000038   Code   RO         3010    i.OS_RdyListInsertHead  os_core.o
    0x08003284   0x00000034   Code   RO         3011    i.OS_RdyListInsertTail  os_core.o
    0x080032b8   0x00000054   Code   RO         3013    i.OS_RdyListRemove  os_core.o
    0x0800330c   0x00000024   Code   RO         3550    i.OS_SemDbgListAdd  os_sem.o
    0x08003330   0x00000018   Code   RO         3552    i.OS_SemInit        os_sem.o
    0x08003348   0x00000244   Code   RO         3617    i.OS_StatTask       os_stat.o
    0x0800358c   0x000000bc   Code   RO         3618    i.OS_StatTaskInit   os_stat.o
    0x08003648   0x00000028   Code   RO         3014    i.OS_TaskBlock      os_core.o
    0x08003670   0x000000b8   Code   RO         3661    i.OS_TaskChangePrio  os_task.o
    0x08003728   0x00000024   Code   RO         3662    i.OS_TaskDbgListAdd  os_task.o
    0x0800374c   0x00000038   Code   RO         3663    i.OS_TaskDbgListRemove  os_task.o
    0x08003784   0x00000020   Code   RO         3664    i.OS_TaskInit       os_task.o
    0x080037a4   0x000000c4   Code   RO         3665    i.OS_TaskInitTCB    os_task.o
    0x08003868   0x000000b8   Code   RO         3667    i.OS_TaskResume     os_task.o
    0x08003920   0x00000018   Code   RO         3668    i.OS_TaskReturn     os_task.o
    0x08003938   0x000000ac   Code   RO         3669    i.OS_TaskSemPost    os_task.o
    0x080039e4   0x000000a8   Code   RO         3670    i.OS_TaskSuspend    os_task.o
    0x08003a8c   0x0000005e   Code   RO         3807    i.OS_TickListInsert  os_tick.o
    0x08003aea   0x00000002   PAD
    0x08003aec   0x0000007c   Code   RO         3808    i.OS_TickListInsertDly  os_tick.o
    0x08003b68   0x00000040   Code   RO         3809    i.OS_TickListRemove  os_tick.o
    0x08003ba8   0x00000084   Code   RO         3810    i.OS_TickListUpdateDly  os_tick.o
    0x08003c2c   0x000000ec   Code   RO         3811    i.OS_TickListUpdateTimeout  os_tick.o
    0x08003d18   0x00000054   Code   RO         3812    i.OS_TickTask       os_tick.o
    0x08003d6c   0x000000b4   Code   RO         3813    i.OS_TickTaskInit   os_tick.o
    0x08003e20   0x00000118   Code   RO         3898    i.OS_TmrInit        os_tmr.o
    0x08003f38   0x00000018   Code   RO         3899    i.OS_TmrLock        os_tmr.o
    0x08003f50   0x00000098   Code   RO         3900    i.OS_TmrTask        os_tmr.o
    0x08003fe8   0x0000003c   Code   RO         3901    i.OS_TmrUnlink      os_tmr.o
    0x08004024   0x00000014   Code   RO         3902    i.OS_TmrUnlock      os_tmr.o
    0x08004038   0x00000032   Code   RO         4386    i.Str_Copy_N        lib_str.o
    0x0800406a   0x00000016   Code   RO         4391    i.Str_Len_N         lib_str.o
    0x08004080   0x00000094   Code   RO          172    i.SystemClock_Config  main.o
    0x08004114   0x00000054   Code   RO         2088    i.SystemInit        system_stm32f4xx.o
    0x08004168   0x00000096   Code   RO         1585    i.UART_Receive_IT   stm32f4xx_hal_uart.o
    0x080041fe   0x00000002   PAD
    0x08004200   0x000002ac   Code   RO         1586    i.UART_SetConfig    stm32f4xx_hal_uart.o
    0x080044ac   0x00000062   Code   RO         1587    i.UART_Transmit_IT  stm32f4xx_hal_uart.o
    0x0800450e   0x00000096   Code   RO         1588    i.UART_WaitOnFlagUntilTimeout  stm32f4xx_hal_uart.o
    0x080045a4   0x0000000c   Code   RO            7    i.USART3_IRQHandler  stm32f4xx_it.o
    0x080045b0   0x0000000e   Code   RO         4849    i.__scatterload_copy  mc_w.l(handlers.o)
    0x080045be   0x00000002   Code   RO         4850    i.__scatterload_null  mc_w.l(handlers.o)
    0x080045c0   0x0000000e   Code   RO         4851    i.__scatterload_zeroinit  mc_w.l(handlers.o)
    0x080045ce   0x00000002   PAD
    0x080045d0   0x00000090   Code   RO          173    i.main              main.o
    0x08004660   0x00000010   Data   RO         1091    .constdata          stm32f4xx_hal_rcc.o
    0x08004670   0x00000004   Data   RO         2922    .constdata          os_cfg_app.o
    0x08004674   0x00000004   Data   RO         2923    .constdata          os_cfg_app.o
    0x08004678   0x00000004   Data   RO         2924    .constdata          os_cfg_app.o
    0x0800467c   0x00000004   Data   RO         2933    .constdata          os_cfg_app.o
    0x08004680   0x00000004   Data   RO         2934    .constdata          os_cfg_app.o
    0x08004684   0x00000002   Data   RO         2936    .constdata          os_cfg_app.o
    0x08004686   0x00000002   PAD
    0x08004688   0x00000004   Data   RO         2938    .constdata          os_cfg_app.o
    0x0800468c   0x00000001   Data   RO         2939    .constdata          os_cfg_app.o
    0x0800468d   0x00000003   PAD
    0x08004690   0x00000004   Data   RO         2940    .constdata          os_cfg_app.o
    0x08004694   0x00000004   Data   RO         2941    .constdata          os_cfg_app.o
    0x08004698   0x00000004   Data   RO         2942    .constdata          os_cfg_app.o
    0x0800469c   0x00000004   Data   RO         2943    .constdata          os_cfg_app.o
    0x080046a0   0x00000004   Data   RO         2945    .constdata          os_cfg_app.o
    0x080046a4   0x00000004   Data   RO         2946    .constdata          os_cfg_app.o
    0x080046a8   0x00000001   Data   RO         2947    .constdata          os_cfg_app.o
    0x080046a9   0x00000003   PAD
    0x080046ac   0x00000004   Data   RO         2948    .constdata          os_cfg_app.o
    0x080046b0   0x00000004   Data   RO         2949    .constdata          os_cfg_app.o
    0x080046b4   0x00000004   Data   RO         2950    .constdata          os_cfg_app.o
    0x080046b8   0x00000001   Data   RO         2952    .constdata          os_cfg_app.o
    0x080046b9   0x00000003   PAD
    0x080046bc   0x00000004   Data   RO         2953    .constdata          os_cfg_app.o
    0x080046c0   0x00000004   Data   RO         2954    .constdata          os_cfg_app.o
    0x080046c4   0x00000004   Data   RO         2955    .constdata          os_cfg_app.o
    0x080046c8   0x00000004   Data   RO         2956    .constdata          os_cfg_app.o
    0x080046cc   0x00000020   Data   RO         4847    Region$$Table       anon$$obj.o


    Execution Region RW_IRAM1 (Base: 0x20000000, Size: 0x00002c08, Max: 0x00020000, ABSOLUTE)

    Base Addr    Size         Type   Attr      Idx    E Section Name        Object

    0x20000000   0x00000004   Data   RW          951    .data               stm32f4xx_hal.o
    0x20000004   0x00000004   Data   RW         2090    .data               system_stm32f4xx.o
    0x20000008   0x00000004   Data   RW         3450    .data               os_prio.o
    0x2000000c   0x00000004   Data   RW         3984    .data               os_var.o
    0x20000010   0x00000004   Data   RW         3985    .data               os_var.o
    0x20000014   0x00000004   Data   RW         3986    .data               os_var.o
    0x20000018   0x00000004   Data   RW         3987    .data               os_var.o
    0x2000001c   0x00000004   Data   RW         3988    .data               os_var.o
    0x20000020   0x00000004   Data   RW         3989    .data               os_var.o
    0x20000024   0x00000004   Data   RW         3990    .data               os_var.o
    0x20000028   0x00000004   Data   RW         3991    .data               os_var.o
    0x2000002c   0x00000001   Data   RW         3992    .data               os_var.o
    0x2000002d   0x00000003   PAD
    0x20000030   0x00000004   Data   RW         3993    .data               os_var.o
    0x20000034   0x00000001   Data   RW         3994    .data               os_var.o
    0x20000035   0x00000003   PAD
    0x20000038   0x00000004   Data   RW         3995    .data               os_var.o
    0x2000003c   0x00000002   Data   RW         3996    .data               os_var.o
    0x2000003e   0x00000002   PAD
    0x20000040   0x00000004   Data   RW         3997    .data               os_var.o
    0x20000044   0x00000002   Data   RW         3998    .data               os_var.o
    0x20000046   0x00000002   PAD
    0x20000048   0x00000004   Data   RW         3999    .data               os_var.o
    0x2000004c   0x00000002   Data   RW         4000    .data               os_var.o
    0x2000004e   0x00000001   Data   RW         4001    .data               os_var.o
    0x2000004f   0x00000001   Data   RW         4002    .data               os_var.o
    0x20000050   0x00000001   Data   RW         4003    .data               os_var.o
    0x20000051   0x00000003   PAD
    0x20000054   0x00000004   Data   RW         4004    .data               os_var.o
    0x20000058   0x00000002   Data   RW         4005    .data               os_var.o
    0x2000005a   0x00000001   Data   RW         4006    .data               os_var.o
    0x2000005b   0x00000001   PAD
    0x2000005c   0x00000004   Data   RW         4007    .data               os_var.o
    0x20000060   0x00000002   Data   RW         4008    .data               os_var.o
    0x20000062   0x00000001   Data   RW         4009    .data               os_var.o
    0x20000063   0x00000001   PAD
    0x20000064   0x00000002   Data   RW         4010    .data               os_var.o
    0x20000066   0x00000002   Data   RW         4011    .data               os_var.o
    0x20000068   0x00000004   Data   RW         4012    .data               os_var.o
    0x2000006c   0x00000004   Data   RW         4013    .data               os_var.o
    0x20000070   0x00000004   Data   RW         4014    .data               os_var.o
    0x20000074   0x00000001   Data   RW         4015    .data               os_var.o
    0x20000075   0x00000003   PAD
    0x20000078   0x00000004   Data   RW         4016    .data               os_var.o
    0x2000007c   0x00000004   Data   RW         4017    .data               os_var.o
    0x20000080   0x00000004   Data   RW         4018    .data               os_var.o
    0x20000084   0x00000002   Data   RW         4019    .data               os_var.o
    0x20000086   0x00000001   Data   RW         4020    .data               os_var.o
    0x20000087   0x00000001   PAD
    0x20000088   0x00000004   Data   RW         4021    .data               os_var.o
    0x2000008c   0x00000004   Data   RW         4022    .data               os_var.o
    0x20000090   0x00000008   Data   RW         4023    .data               os_var.o
    0x20000098   0x00000008   Data   RW         4024    .data               os_var.o
    0x200000a0   0x00000004   Data   RW         4025    .data               os_var.o
    0x200000a4   0x00000002   Data   RW         4026    .data               os_var.o
    0x200000a6   0x00000002   PAD
    0x200000a8   0x00000004   Data   RW         4027    .data               os_var.o
    0x200000ac   0x00000004   Data   RW         4029    .data               os_var.o
    0x200000b0   0x00000004   Data   RW         4030    .data               os_var.o
    0x200000b4   0x00000004   Data   RW         4031    .data               os_var.o
    0x200000b8   0x00000004   Data   RW         4032    .data               os_var.o
    0x200000bc   0x00000004   Data   RW         4033    .data               os_var.o
    0x200000c0   0x00000004   Data   RW         4034    .data               os_var.o
    0x200000c4   0x00000004   Data   RW         4159    .data               lib_math.o
    0x200000c8   0x00000004   Data   RW         4227    .data               lib_mem.o
    0x200000cc   0x0000001c   Data   RW         4557    .data               cpu_core.o
    0x200000e8   0x00000004   Data   RW         4755    .data               os_cpu_c.o
    0x200000ec   0x00000ef8   Zero   RW          174    .bss                main.o
    0x20000fe4   0x00000040   Zero   RW          328    .bss                usart.o
    0x20001024   0x00000058   Zero   RW          469    .bss                spi.o
    0x2000107c   0x00000148   Zero   RW         2281    .bss                bsp_int.o
    0x200011c4   0x00000200   Zero   RW         2916    .bss                os_cfg_app.o
    0x200013c4   0x00000190   Zero   RW         2917    .bss                os_cfg_app.o
    0x20001554   0x00000640   Zero   RW         2918    .bss                os_cfg_app.o
    0x20001b94   0x00000190   Zero   RW         2919    .bss                os_cfg_app.o
    0x20001d24   0x00000200   Zero   RW         2920    .bss                os_cfg_app.o
    0x20001f24   0x00000200   Zero   RW         2921    .bss                os_cfg_app.o
    0x20002124   0x000000c0   Zero   RW         3977    .bss                os_var.o
    0x200021e4   0x0000000c   Zero   RW         3978    .bss                os_var.o
    0x200021f0   0x00000180   Zero   RW         3979    .bss                os_var.o
    0x20002370   0x000000c0   Zero   RW         3980    .bss                os_var.o
    0x20002430   0x000000c0   Zero   RW         3981    .bss                os_var.o
    0x200024f0   0x00000030   Zero   RW         3982    .bss                os_var.o
    0x20002520   0x000000c0   Zero   RW         3983    .bss                os_var.o
    0x200025e0   0x00000414   Zero   RW         4226    .bss                lib_mem.o
    0x200029f4   0x00000010   Zero   RW         4554    .bss                cpu_core.o
    0x20002a04   0x00000004   PAD
    0x20002a08   0x00000200   Zero   RW         2847    STACK               startup.o


==============================================================================

Image component sizes


      Code (inc. data)   RO Data    RW Data    ZI Data      Debug   Object Name

       308         40          0          0          0       4179   bsp.o
        36         10          0          0          0       1038   bsp_button.o
       654         26          0          0        328      43149   bsp_int.o
       224         88          0          0          0        619   bsp_periph.o
        38          0          0          0          0       1402   bsp_uart.o
        52          0          0          0          0        336   cpu_a.o
        60         16          0          0          0       2796   cpu_bsp.o
       422         54          0         28         16       9909   cpu_core.o
       472         34          0          0          0       1191   gpio.o
         0          0          0          0          0      11088   lib_ascii.o
        42          4          0          4          0       2612   lib_math.o
       230         20          0          4       1044      15331   lib_mem.o
        72          0          0          0          0       1953   lib_str.o
       706        156          0          0       3832      32521   main.o
       140         56          0          0          0      31424   os_app_hooks.o
         2          0         81          0       3936      19841   os_cfg_app.o
      2028        310          0          0          0      18890   os_core.o
       280         14          0          0          0        428   os_cpu_a.o
       742        164          0          4          0       8477   os_cpu_c.o
         2          0          0          0          0        910   os_dbg.o
        24         10          0          0          0       1037   os_flag.o
        24         10          0          0          0        881   os_mem.o
       150         16          0          0          0       2360   os_msg.o
       936         54          0          0          0       7171   os_mutex.o
       112         16          0          4          0       2902   os_prio.o
        24         10          0          0          0        875   os_q.o
       144         30          0          0          0       2306   os_sem.o
      1160        200          0          0          0       4155   os_stat.o
      2158        164          0          0          0      13985   os_task.o
       914         94          0          0          0       6363   os_tick.o
       388         40          0          0          0       2889   os_time.o
       536        144          0          0          0       3813   os_tmr.o
         0          0          0        163       1212      17758   os_var.o
       144         22          0          0         88       1617   spi.o
        72         18        392          0        512        696   startup.o
        92         20          0          4          0       3639   stm32f4xx_hal.o
       218         14          0          0          0      31161   stm32f4xx_hal_cortex.o
       502         56          0          0          0       5104   stm32f4xx_hal_gpio.o
        22          0          0          0          0        518   stm32f4xx_hal_msp.o
      1312         64         16          0          0       6035   stm32f4xx_hal_rcc.o
        88         18          0          0          0        605   stm32f4xx_hal_rcc_ex.o
       140          0          0          0          0       1355   stm32f4xx_hal_spi.o
      1588          8          0          0          0       8347   stm32f4xx_hal_uart.o
        18          6          0          0          0     352635   stm32f4xx_it.o
        84         18          0          4          0       1389   system_stm32f4xx.o
       144         24          0          0         64       1658   usart.o

    ----------------------------------------------------------------------
     17536       2048        532        236      11036     689348   Object Totals
         0          0         32          0          0          0   (incl. Generated)
        32          0         11         21          4          0   (incl. Padding)

    ----------------------------------------------------------------------

      Code (inc. data)   RO Data    RW Data    ZI Data      Debug   Library Member Name

         0          0          0          0          0          0   entry.o
         0          0          0          0          0          0   entry10a.o
         0          0          0          0          0          0   entry11a.o
         8          4          0          0          0          0   entry2.o
         4          0          0          0          0          0   entry5.o
         0          0          0          0          0          0   entry7b.o
         0          0          0          0          0          0   entry8b.o
         8          4          0          0          0          0   entry9a.o
        30          0          0          0          0          0   handlers.o
        36          8          0          0          0         68   init.o

    ----------------------------------------------------------------------
        88         16          0          0          0         68   Library Totals
         2          0          0          0          0          0   (incl. Padding)

    ----------------------------------------------------------------------

      Code (inc. data)   RO Data    RW Data    ZI Data      Debug   Library Name

        86         16          0          0          0         68   mc_w.l

    ----------------------------------------------------------------------
        88         16          0          0          0         68   Library Totals

    ----------------------------------------------------------------------

==============================================================================


      Code (inc. data)   RO Data    RW Data    ZI Data      Debug   

     17624       2064        532        236      11036     663020   Grand Totals
     17624       2064        532        236      11036     663020   ELF Image Totals
     17624       2064        532        236          0          0   ROM Totals

==============================================================================

    Total RO  Size (Code + RO Data)                18156 (  17.73kB)
    Total RW  Size (RW Data + ZI Data)             11272 (  11.01kB)
    Total ROM Size (Code + RO Data + RW Data)      18392 (  17.96kB)

==============================================================================

