<html>
<body>
<pre>
<h1>µVision Build Log</h1>
<h2>Tool Versions:</h2>
IDE-Version: µVision V5.18.0.0
Copyright (C) 2016 ARM Ltd and ARM Germany GmbH. All rights reserved.
License Information: fred stevensun, My company, LIC=6XJMM-XVEZI-XBNEC-70TP8-QG690-DP7N8
 
Tool Versions:
Toolchain:       MDK-ARM Professional  Version: 5.18
Toolchain Path:  C:\Keil_v5\ARM\ARMCC\Bin
C Compiler:      Armcc.exe V5.06 update 1 (build 61)
Assembler:       Armasm.exe V5.06 update 1 (build 61)
Linker/Locator:  ArmLink.exe V5.06 update 1 (build 61)
Library Manager: ArmAr.exe V5.06 update 1 (build 61)
Hex Converter:   FromElf.exe V5.06 update 1 (build 61)
CPU DLL:         SARMCM3.DLL V5.18
Dialog DLL:      DCM.DLL V1.13.6.0
Target DLL:      STLink\ST-LINKIII-KEIL_SWO.dll V2.0.18.0
Dialog DLL:      TCM.DLL V1.14.8.0
 
<h2>Project:</h2>
H:\Sources\STM32F407VGT_uCOSIIITemplate\uCOSIIITemplate\MDK-ARM\uCOSIIITemplate.uvprojx
Project File Date:  03/13/2016

<h2>Output:</h2>
*** Using Compiler 'V5.06 update 1 (build 61)', folder: 'C:\Keil_v5\ARM\ARMCC\Bin'
Build target 'uCOSIIITemplate'
compiling bsp.c...
compiling main.c...
../Src/main.c(407): warning:  #177-D: variable "ts" was declared but never referenced
  	CPU_TS ts;
../Src/main.c(65): warning:  #177-D: variable "AppTaskLed2TCB" was declared but never referenced
  static  OS_TCB       AppTaskLed2TCB;
../Src/main.c(66): warning:  #177-D: variable "AppTaskLed2Stk" was declared but never referenced
  static  CPU_STK      AppTaskLed2Stk[APP_CFG_TASK_LED2_STK_SIZE];
../Src/main.c(68): warning:  #177-D: variable "AppTaskLed3TCB" was declared but never referenced
  static  OS_TCB       AppTaskLed3TCB;
../Src/main.c(69): warning:  #177-D: variable "AppTaskLed3Stk" was declared but never referenced
  static  CPU_STK      AppTaskLed3Stk[APP_CFG_TASK_LED3_STK_SIZE];
../Src/main.c(71): warning:  #177-D: variable "AppTaskLed4TCB" was declared but never referenced
  static  OS_TCB       AppTaskLed4TCB;
../Src/main.c(72): warning:  #177-D: variable "AppTaskLed4Stk" was declared but never referenced
  static  CPU_STK      AppTaskLed4Stk[APP_CFG_TASK_LED4_STK_SIZE];
../Src/main.c(98): warning:  #177-D: function "AppTaskLed2" was declared but never referenced
  static  void  AppTaskLed2(void);
../Src/main.c(99): warning:  #177-D: function "AppTaskLed3" was declared but never referenced
  static  void  AppTaskLed3(void);
../Src/main.c(100): warning:  #177-D: function "AppTaskLed4" was declared but never referenced
  static  void  AppTaskLed4(void);
../Src/main.c: 10 warnings, 0 errors
linking...
Program Size: Code=17420 RO-data=532 RW-data=236 ZI-data=10948  
"uCOSIIITemplate\uCOSIIITemplate.axf" - 0 Error(s), 10 Warning(s).

<h2>Software Packages used:</h2>

Package Vendor: ARM
                http://www.keil.com/pack/ARM.CMSIS.4.5.0.pack
                ARM::CMSIS:CORE:4.3.0
                CMSIS (Cortex Microcontroller Software Interface Standard)
   * Component: CORE Version: 4.3.0

<h2>Collection of Component include folders:</h2>
  H:\Sources\STM32F407VGT_uCOSIIITemplate\uCOSIIITemplate\MDK-ARM\RTE
  C:\Keil_v5\ARM\PACK\ARM\CMSIS\4.5.0\CMSIS\Include
  C:\Keil_v5\ARM\PACK\Keil\STM32F4xx_DFP\2.7.0\Drivers\CMSIS\Device\ST\STM32F4xx\Include

<h2>Collection of Component Files used:</h2>

   * Component: ARM::CMSIS:CORE:4.3.0
Build Time Elapsed:  00:00:07
</pre>
</body>
</html>
